Component: ARM Compiler 5.06 update 4 (build 422) Tool: armlink [4d35d2]

==============================================================================

Section Cross References

    startup_stm32f103xb.o(RESET) refers to startup_stm32f103xb.o(STACK) for __initial_sp
    startup_stm32f103xb.o(RESET) refers to startup_stm32f103xb.o(.text) for Reset_Handler
    startup_stm32f103xb.o(RESET) refers to stm32f1xx_it.o(i.NMI_Handler) for NMI_Handler
    startup_stm32f103xb.o(RESET) refers to stm32f1xx_it.o(i.HardFault_Handler) for HardFault_Handler
    startup_stm32f103xb.o(RESET) refers to stm32f1xx_it.o(i.MemManage_Handler) for MemManage_Handler
    startup_stm32f103xb.o(RESET) refers to stm32f1xx_it.o(i.BusFault_Handler) for BusFault_Handler
    startup_stm32f103xb.o(RESET) refers to stm32f1xx_it.o(i.UsageFault_Handler) for UsageFault_Handler
    startup_stm32f103xb.o(RESET) refers to port.o(.emb_text) for SVC_Handler
    startup_stm32f103xb.o(RESET) refers to stm32f1xx_it.o(i.DebugMon_Handler) for DebugMon_Handler
    startup_stm32f103xb.o(RESET) refers to port.o(i.SysTick_Handler) for SysTick_Handler
    startup_stm32f103xb.o(RESET) refers to stm32f1xx_it.o(i.EXTI1_IRQHandler) for EXTI1_IRQHandler
    startup_stm32f103xb.o(RESET) refers to stm32f1xx_it.o(i.DMA1_Channel1_IRQHandler) for DMA1_Channel1_IRQHandler
    startup_stm32f103xb.o(RESET) refers to stm32f1xx_it.o(i.ADC1_2_IRQHandler) for ADC1_2_IRQHandler
    startup_stm32f103xb.o(RESET) refers to stm32f1xx_it.o(i.USB_HP_CAN1_TX_IRQHandler) for USB_HP_CAN1_TX_IRQHandler
    startup_stm32f103xb.o(RESET) refers to stm32f1xx_it.o(i.USB_LP_CAN1_RX0_IRQHandler) for USB_LP_CAN1_RX0_IRQHandler
    startup_stm32f103xb.o(RESET) refers to stm32f1xx_it.o(i.TIM1_UP_IRQHandler) for TIM1_UP_IRQHandler
    startup_stm32f103xb.o(RESET) refers to stm32f1xx_it.o(i.TIM2_IRQHandler) for TIM2_IRQHandler
    startup_stm32f103xb.o(RESET) refers to stm32f1xx_it.o(i.TIM3_IRQHandler) for TIM3_IRQHandler
    startup_stm32f103xb.o(RESET) refers to stm32f1xx_it.o(i.SPI1_IRQHandler) for SPI1_IRQHandler
    startup_stm32f103xb.o(RESET) refers to stm32f1xx_it.o(i.SPI2_IRQHandler) for SPI2_IRQHandler
    startup_stm32f103xb.o(.text) refers to system_stm32f1xx.o(i.SystemInit) for SystemInit
    startup_stm32f103xb.o(.text) refers to entry.o(.ARM.Collect$$$$00000000) for __main
    main.o(i.HAL_TIM_PeriodElapsedCallback) refers to stm32f1xx_hal.o(i.HAL_IncTick) for HAL_IncTick
    main.o(i.SystemClock_Config) refers to memseta.o(.text) for __aeabi_memclr4
    main.o(i.SystemClock_Config) refers to stm32f1xx_hal_rcc.o(i.HAL_RCC_OscConfig) for HAL_RCC_OscConfig
    main.o(i.SystemClock_Config) refers to main.o(i.Error_Handler) for Error_Handler
    main.o(i.SystemClock_Config) refers to stm32f1xx_hal_rcc.o(i.HAL_RCC_ClockConfig) for HAL_RCC_ClockConfig
    main.o(i.SystemClock_Config) refers to stm32f1xx_hal_rcc_ex.o(i.HAL_RCCEx_PeriphCLKConfig) for HAL_RCCEx_PeriphCLKConfig
    main.o(i.SystemClock_Config) refers to stm32f1xx_hal_rcc.o(i.HAL_RCC_EnableCSS) for HAL_RCC_EnableCSS
    main.o(i.main) refers to stm32f1xx_hal.o(i.HAL_Init) for HAL_Init
    main.o(i.main) refers to main.o(i.SystemClock_Config) for SystemClock_Config
    main.o(i.main) refers to gpio.o(i.MX_GPIO_Init) for MX_GPIO_Init
    main.o(i.main) refers to rtc.o(i.MX_RTC_Init) for MX_RTC_Init
    main.o(i.main) refers to spi.o(i.MX_SPI1_Init) for MX_SPI1_Init
    main.o(i.main) refers to tim.o(i.MX_TIM2_Init) for MX_TIM2_Init
    main.o(i.main) refers to dma.o(i.MX_DMA_Init) for MX_DMA_Init
    main.o(i.main) refers to adc.o(i.MX_ADC1_Init) for MX_ADC1_Init
    main.o(i.main) refers to spi.o(i.MX_SPI2_Init) for MX_SPI2_Init
    main.o(i.main) refers to i2c.o(i.MX_I2C1_Init) for MX_I2C1_Init
    main.o(i.main) refers to tim.o(i.MX_TIM3_Init) for MX_TIM3_Init
    main.o(i.main) refers to cmsis_os2.o(i.osKernelInitialize) for osKernelInitialize
    main.o(i.main) refers to freertos.o(i.MX_FREERTOS_Init) for MX_FREERTOS_Init
    main.o(i.main) refers to cmsis_os2.o(i.osKernelStart) for osKernelStart
    gpio.o(i.MX_GPIO_Init) refers to stm32f1xx_hal_gpio.o(i.HAL_GPIO_WritePin) for HAL_GPIO_WritePin
    gpio.o(i.MX_GPIO_Init) refers to stm32f1xx_hal_gpio.o(i.HAL_GPIO_Init) for HAL_GPIO_Init
    gpio.o(i.MX_GPIO_Init) refers to stm32f1xx_hal_cortex.o(i.HAL_NVIC_SetPriority) for HAL_NVIC_SetPriority
    gpio.o(i.MX_GPIO_Init) refers to stm32f1xx_hal_cortex.o(i.HAL_NVIC_EnableIRQ) for HAL_NVIC_EnableIRQ
    freertos.o(i.Init_All_Moduls) refers to stm32f1xx_hal.o(i.HAL_GetUIDw0) for HAL_GetUIDw0
    freertos.o(i.Init_All_Moduls) refers to stm32f1xx_hal.o(i.HAL_GetUIDw1) for HAL_GetUIDw1
    freertos.o(i.Init_All_Moduls) refers to stm32f1xx_hal.o(i.HAL_GetUIDw2) for HAL_GetUIDw2
    freertos.o(i.Init_All_Moduls) refers to hal_config.o(i.CFG_Read_All_Cfg_And_Check_Stat) for CFG_Read_All_Cfg_And_Check_Stat
    freertos.o(i.Init_All_Moduls) refers to hal_config.o(.bss) for CFG_setup
[...]
    NRF24_Get_Status                         0x08006da9   Thumb Code    30  hal_nrf24l01_api.o(i.NRF24_Get_Status)
    NRF24_Go_To_Standby_1                    0x08006dcd   Thumb Code    48  hal_nrf24l01_api.o(i.NRF24_Go_To_Standby_1)
    NRF24_Handle_Mode_Hight_Enerdgy_Rx       0x08006e01   Thumb Code   208  hal_nrf24l01_api.o(i.NRF24_Handle_Mode_Hight_Enerdgy_Rx)
    NRF24_Handle_Mode_Hight_Enerdgy_Tx       0x08006ed5   Thumb Code   366  hal_nrf24l01_api.o(i.NRF24_Handle_Mode_Hight_Enerdgy_Tx)
    NRF24_Handle_Mode_Low_Enerdgy_Rx         0x08007049   Thumb Code     2  hal_nrf24l01_api.o(i.NRF24_Handle_Mode_Low_Enerdgy_Rx)
    NRF24_Handle_Mode_Low_Enerdgy_Tx         0x0800704b   Thumb Code     2  hal_nrf24l01_api.o(i.NRF24_Handle_Mode_Low_Enerdgy_Tx)
    NRF24_Handle_Mode_Midle_Enerdgy_Rx       0x0800704d   Thumb Code     2  hal_nrf24l01_api.o(i.NRF24_Handle_Mode_Midle_Enerdgy_Rx)
    NRF24_Handle_Mode_Midle_Enerdgy_Tx       0x0800704f   Thumb Code     2  hal_nrf24l01_api.o(i.NRF24_Handle_Mode_Midle_Enerdgy_Tx)
    NRF24_Init                               0x08007051   Thumb Code   198  hal_nrf24l01_drv.o(i.NRF24_Init)
    NRF24_Read_Current_Settings              0x08007125   Thumb Code   416  hal_nrf24l01_drv.o(i.NRF24_Read_Current_Settings)
    NRF24_Read_Data_In_Buf_And_Write_Reg     0x080072c9   Thumb Code    56  hal_nrf24l01_drv.o(i.NRF24_Read_Data_In_Buf_And_Write_Reg)
    NRF24_Read_Data_In_Fifo_Rx               0x08007305   Thumb Code    72  hal_nrf24l01_drv.o(i.NRF24_Read_Data_In_Fifo_Rx)
    NRF24_Read_Data_Reg                      0x08007351   Thumb Code    68  hal_nrf24l01_drv.o(i.NRF24_Read_Data_Reg)
    NRF24_Read_Size_Rx_Pack                  0x08007399   Thumb Code    32  hal_nrf24l01_drv.o(i.NRF24_Read_Size_Rx_Pack)
    NRF24_Set_Default_Settings               0x080073bd   Thumb Code   480  hal_nrf24l01_drv.o(i.NRF24_Set_Default_Settings)
    NRF24_Set_Pin_Mode_Active                0x080075a1   Thumb Code    26  hal_nrf24l01_api.o(i.NRF24_Set_Pin_Mode_Active)
    NRF24_Set_Setup_Mode_Rtx                 0x080075c1   Thumb Code    16  hal_nrf24l01_api.o(i.NRF24_Set_Setup_Mode_Rtx)
    NRF24_Set_Setup_Power                    0x080075d5   Thumb Code    72  hal_nrf24l01_api.o(i.NRF24_Set_Setup_Power)
    NRF24_Spi_Tx_Rx                          0x08007621   Thumb Code   188  hal_nrf24l01_drv.o(i.NRF24_Spi_Tx_Rx)
    NRF24_Stream_Handler                     0x080076e9   Thumb Code    38  hal_nrf24l01_api.o(i.NRF24_Stream_Handler)
    NRF24_Stream_Handler_Err                 0x08007715   Thumb Code    34  hal_nrf24l01_api.o(i.NRF24_Stream_Handler_Err)
    NRF24_Stream_Handler_Rx                  0x0800773d   Thumb Code    54  hal_nrf24l01_api.o(i.NRF24_Stream_Handler_Rx)
    NRF24_Stream_Handler_Tx                  0x08007779   Thumb Code    54  hal_nrf24l01_api.o(i.NRF24_Stream_Handler_Tx)
    NRF24_Verification_Settings              0x080077b5   Thumb Code   560  hal_nrf24l01_drv.o(i.NRF24_Verification_Settings)
    NRF24_Write_Current_Settings             0x080079e9   Thumb Code   202  hal_nrf24l01_drv.o(i.NRF24_Write_Current_Settings)
    NRF24_Write_Data_In_Buf                  0x08007ab5   Thumb Code   372  hal_nrf24l01_drv.o(i.NRF24_Write_Data_In_Buf)
    NRF24_Write_Data_In_Fifo_Tx              0x08007c2d   Thumb Code    76  hal_nrf24l01_drv.o(i.NRF24_Write_Data_In_Fifo_Tx)
    NRF24_Write_Data_In_Queue_Tx             0x08007c7d   Thumb Code    52  hal_nrf24l01_api.o(i.NRF24_Write_Data_In_Queue_Tx)
    NRF24_Write_Data_In_Queue_Tx_With_Confirm_Package 0x08007cb5   Thumb Code    26  hal_nrf24l01_api.o(i.NRF24_Write_Data_In_Queue_Tx_With_Confirm_Package)
    NRF24_Write_Data_In_Queue_Tx_Without_Confirm_Package 0x08007cd5   Thumb Code    26  hal_nrf24l01_api.o(i.NRF24_Write_Data_In_Queue_Tx_Without_Confirm_Package)
    NRF24_Write_Data_Reg                     0x08007cf5   Thumb Code    42  hal_nrf24l01_drv.o(i.NRF24_Write_Data_Reg)
    RTC_Correct_Time                         0x0800809d   Thumb Code    28  hal_my_rtc.o(i.RTC_Correct_Time)
    RTC_Handler                              0x080081d7   Thumb Code    18  hal_my_rtc.o(i.RTC_Handler)
    RTC_Init                                 0x080081e9   Thumb Code    10  hal_my_rtc.o(i.RTC_Init)
    RTC_Keep_Track_Of_Time                   0x08008229   Thumb Code    40  hal_my_rtc.o(i.RTC_Keep_Track_Of_Time)
    RTC_Set_Smooth_Calibr                    0x08008289   Thumb Code    50  hal_my_rtc.o(i.RTC_Set_Smooth_Calibr)
    RTC_Set_Up_A_NewTime                     0x080082c1   Thumb Code    54  hal_my_rtc.o(i.RTC_Set_Up_A_NewTime)
    SPI1_IRQHandler                          0x080083c5   Thumb Code     6  stm32f1xx_it.o(i.SPI1_IRQHandler)
    SPI2_IRQHandler                          0x080083d1   Thumb Code     6  stm32f1xx_it.o(i.SPI2_IRQHandler)
    StartDefaultTask                         0x08008791   Thumb Code    68  freertos.o(i.StartDefaultTask)
    StartTask01                              0x080087e5   Thumb Code     6  freertos.o(i.StartTask01)
    StartTask02                              0x080087eb   Thumb Code    10  freertos.o(i.StartTask02)
    SysTick_Handler                          0x080087f5   Thumb Code    38  port.o(i.SysTick_Handler)
    SystemClock_Config                       0x08008821   Thumb Code   138  main.o(i.SystemClock_Config)
    SystemInit                               0x080088ab   Thumb Code     2  system_stm32f1xx.o(i.SystemInit)
    TIM1_UP_IRQHandler                       0x080088ad   Thumb Code     6  stm32f1xx_it.o(i.TIM1_UP_IRQHandler)
    TIM2_IRQHandler                          0x080088b9   Thumb Code    28  stm32f1xx_it.o(i.TIM2_IRQHandler)
    TIM3_IRQHandler                          0x080088d9   Thumb Code    32  stm32f1xx_it.o(i.TIM3_IRQHandler)
    TIM_Base_SetConfig                       0x080088fd   Thumb Code    94  stm32f1xx_hal_tim.o(i.TIM_Base_SetConfig)
    TIM_ETR_SetConfig                        0x08008969   Thumb Code    20  stm32f1xx_hal_tim.o(i.TIM_ETR_SetConfig)
    USBD_CDC_GetDeviceQualifierDescriptor    0x08008ab9   Thumb Code     8  usbd_cdc.o(i.USBD_CDC_GetDeviceQualifierDescriptor)
    USBD_CDC_ReceivePacket                   0x08008b97   Thumb Code    50  usbd_cdc.o(i.USBD_CDC_ReceivePacket)
    USBD_CDC_RegisterInterface               0x08008bc9   Thumb Code    16  usbd_cdc.o(i.USBD_CDC_RegisterInterface)
    USBD_CDC_SetRxBuffer                     0x08008bd9   Thumb Code    12  usbd_cdc.o(i.USBD_CDC_SetRxBuffer)
    USBD_CDC_SetTxBuffer                     0x08008be5   Thumb Code    16  usbd_cdc.o(i.USBD_CDC_SetTxBuffer)
    USBD_CDC_TransmitPacket                  0x08008cd9   Thumb Code    52  usbd_cdc.o(i.USBD_CDC_TransmitPacket)
    USBD_ClrClassConfig                      0x08008d0d   Thumb Code    14  usbd_core.o(i.USBD_ClrClassConfig)
    USBD_CtlContinueRx                       0x08008d41   Thumb Code    16  usbd_ioreq.o(i.USBD_CtlContinueRx)
    USBD_CtlContinueSendData                 0x08008d51   Thumb Code    16  usbd_ioreq.o(i.USBD_CtlContinueSendData)
    USBD_CtlError                            0x08008d61   Thumb Code    24  usbd_ctlreq.o(i.USBD_CtlError)
    USBD_CtlPrepareRx                        0x08008d79   Thumb Code    30  usbd_ioreq.o(i.USBD_CtlPrepareRx)
    USBD_CtlReceiveStatus                    0x08008d97   Thumb Code    22  usbd_ioreq.o(i.USBD_CtlReceiveStatus)
    USBD_CtlSendData                         0x08008dad   Thumb Code    26  usbd_ioreq.o(i.USBD_CtlSendData)
    USBD_CtlSendStatus                       0x08008dc7   Thumb Code    22  usbd_ioreq.o(i.USBD_CtlSendStatus)
    USBD_FS_ConfigStrDescriptor              0x08008ddd   Thumb Code    32  usbd_desc.o(i.USBD_FS_ConfigStrDescriptor)
    USBD_FS_DeviceDescriptor                 0x08008e0d   Thumb Code     8  usbd_desc.o(i.USBD_FS_DeviceDescriptor)
    USBD_FS_InterfaceStrDescriptor           0x08008e19   Thumb Code    32  usbd_desc.o(i.USBD_FS_InterfaceStrDescriptor)
    USBD_FS_LangIDStrDescriptor              0x08008e4d   Thumb Code     8  usbd_desc.o(i.USBD_FS_LangIDStrDescriptor)
    USBD_FS_ManufacturerStrDescriptor        0x08008e59   Thumb Code    16  usbd_desc.o(i.USBD_FS_ManufacturerStrDescriptor)
    USBD_FS_ProductStrDescriptor             0x08008e81   Thumb Code    32  usbd_desc.o(i.USBD_FS_ProductStrDescriptor)
    USBD_FS_SerialStrDescriptor              0x08008ec1   Thumb Code    14  usbd_desc.o(i.USBD_FS_SerialStrDescriptor)
    USBD_GetString                           0x08009109   Thumb Code    62  usbd_ctlreq.o(i.USBD_GetString)
    USBD_Init                                0x0800916b   Thumb Code    44  usbd_core.o(i.USBD_Init)
    USBD_LL_ClearStallEP                     0x08009197   Thumb Code    18  usbd_conf.o(i.USBD_LL_ClearStallEP)
    USBD_LL_CloseEP                          0x080091a9   Thumb Code    18  usbd_conf.o(i.USBD_LL_CloseEP)
    USBD_LL_DataInStage                      0x080091bb   Thumb Code   214  usbd_core.o(i.USBD_LL_DataInStage)
    USBD_LL_DataOutStage                     0x08009291   Thumb Code   134  usbd_core.o(i.USBD_LL_DataOutStage)
    USBD_LL_GetRxDataSize                    0x08009317   Thumb Code     8  usbd_conf.o(i.USBD_LL_GetRxDataSize)
    USBD_LL_Init                             0x08009321   Thumb Code   116  usbd_conf.o(i.USBD_LL_Init)
    USBD_LL_IsStallEP                        0x0800939d   Thumb Code    32  usbd_conf.o(i.USBD_LL_IsStallEP)
    USBD_LL_OpenEP                           0x080093bd   Thumb Code    24  usbd_conf.o(i.USBD_LL_OpenEP)
    USBD_LL_PrepareReceive                   0x080093d5   Thumb Code    18  usbd_conf.o(i.USBD_LL_PrepareReceive)
    USBD_LL_Reset                            0x080093e7   Thumb Code    82  usbd_core.o(i.USBD_LL_Reset)
    USBD_LL_Resume                           0x08009439   Thumb Code    20  usbd_core.o(i.USBD_LL_Resume)
    USBD_LL_SOF                              0x0800944d   Thumb Code    24  usbd_core.o(i.USBD_LL_SOF)
    USBD_LL_SetSpeed                         0x08009465   Thumb Code     6  usbd_core.o(i.USBD_LL_SetSpeed)
    USBD_LL_SetUSBAddress                    0x0800946b   Thumb Code    18  usbd_conf.o(i.USBD_LL_SetUSBAddress)
    USBD_LL_SetupStage                       0x0800947d   Thumb Code    90  usbd_core.o(i.USBD_LL_SetupStage)
    USBD_LL_StallEP                          0x080094d7   Thumb Code    18  usbd_conf.o(i.USBD_LL_StallEP)
    USBD_LL_Start                            0x080094e9   Thumb Code    18  usbd_conf.o(i.USBD_LL_Start)
    USBD_LL_Suspend                          0x080094fb   Thumb Code    16  usbd_core.o(i.USBD_LL_Suspend)
    USBD_LL_Transmit                         0x0800950b   Thumb Code    18  usbd_conf.o(i.USBD_LL_Transmit)
    USBD_ParseSetupRequest                   0x0800951d   Thumb Code    40  usbd_ctlreq.o(i.USBD_ParseSetupRequest)
    USBD_RegisterClass                       0x08009545   Thumb Code    18  usbd_core.o(i.USBD_RegisterClass)
    USBD_RunTestMode                         0x08009557   Thumb Code     4  usbd_core.o(i.USBD_RunTestMode)
    USBD_SetClassConfig                      0x080095b3   Thumb Code    24  usbd_core.o(i.USBD_SetClassConfig)
    USBD_Start                               0x080096a9   Thumb Code    10  usbd_core.o(i.USBD_Start)
    USBD_StdDevReq                           0x080096b3   Thumb Code   106  usbd_ctlreq.o(i.USBD_StdDevReq)
    USBD_StdEPReq                            0x0800971d   Thumb Code   484  usbd_ctlreq.o(i.USBD_StdEPReq)
    USBD_StdItfReq                           0x08009901   Thumb Code   106  usbd_ctlreq.o(i.USBD_StdItfReq)
    USBD_static_free                         0x0800996b   Thumb Code     2  usbd_conf.o(i.USBD_static_free)
    USBD_static_malloc                       0x0800996d   Thumb Code     4  usbd_conf.o(i.USBD_static_malloc)
    USB_ActivateEndpoint                     0x08009975   Thumb Code   686  stm32f1xx_ll_usb.o(i.USB_ActivateEndpoint)
    USB_CoreInit                             0x08009c23   Thumb Code     4  stm32f1xx_ll_usb.o(i.USB_CoreInit)
    USB_DeactivateEndpoint                   0x08009c27   Thumb Code   312  stm32f1xx_ll_usb.o(i.USB_DeactivateEndpoint)
    USB_DevConnect                           0x08009d5f   Thumb Code     4  stm32f1xx_ll_usb.o(i.USB_DevConnect)
    USB_DevDisconnect                        0x08009d63   Thumb Code     4  stm32f1xx_ll_usb.o(i.USB_DevDisconnect)
    USB_DevInit                              0x08009d67   Thumb Code    18  stm32f1xx_ll_usb.o(i.USB_DevInit)
    USB_DisableGlobalInt                     0x08009d79   Thumb Code    14  stm32f1xx_ll_usb.o(i.USB_DisableGlobalInt)
    USB_EP0_OutStart                         0x08009d87   Thumb Code     4  stm32f1xx_ll_usb.o(i.USB_EP0_OutStart)
    USB_EPClearStall                         0x08009d8b   Thumb Code   132  stm32f1xx_ll_usb.o(i.USB_EPClearStall)
    USB_EPSetStall                           0x08009e0f   Thumb Code    60  stm32f1xx_ll_usb.o(i.USB_EPSetStall)
    USB_EPStartXfer                          0x08009e4b   Thumb Code  1858  stm32f1xx_ll_usb.o(i.USB_EPStartXfer)
    USB_EnableGlobalInt                      0x0800a58d   Thumb Code    16  stm32f1xx_ll_usb.o(i.USB_EnableGlobalInt)
    USB_HP_CAN1_TX_IRQHandler                0x0800a59d   Thumb Code     6  stm32f1xx_it.o(i.USB_HP_CAN1_TX_IRQHandler)
    USB_LP_CAN1_RX0_IRQHandler               0x0800a5a9   Thumb Code     6  stm32f1xx_it.o(i.USB_LP_CAN1_RX0_IRQHandler)
    USB_ReadInterrupts                       0x0800a5b5   Thumb Code     6  stm32f1xx_ll_usb.o(i.USB_ReadInterrupts)
    USB_ReadPMA                              0x0800a5bb   Thumb Code    44  stm32f1xx_ll_usb.o(i.USB_ReadPMA)
    USB_SetCurrentMode                       0x0800a5e7   Thumb Code     4  stm32f1xx_ll_usb.o(i.USB_SetCurrentMode)
    USB_SetDevAddress                        0x0800a5eb   Thumb Code    14  stm32f1xx_ll_usb.o(i.USB_SetDevAddress)
    USB_WritePMA                             0x0800a5f9   Thumb Code    40  stm32f1xx_ll_usb.o(i.USB_WritePMA)
    UsageFault_Handler                       0x0800a621   Thumb Code    12  stm32f1xx_it.o(i.UsageFault_Handler)
    VD_Detected_Usb_Connected                0x0800a631   Thumb Code    58  hal_view_data.o(i.VD_Detected_Usb_Connected)
    VD_Handler_View                          0x0800a675   Thumb Code   264  hal_view_data.o(i.VD_Handler_View)
    VD_Handler_View_Tm                       0x0800a825   Thumb Code   246  hal_view_data.o(i.VD_Handler_View_Tm)
    VD_Init                                  0x0800a921   Thumb Code    20  hal_view_data.o(i.VD_Init)
    VD_Refresh_Data_On_NTime_VTime           0x0800a939   Thumb Code   208  hal_view_data.o(i.VD_Refresh_Data_On_NTime_VTime)
    VD_Refresh_Data_On_Slade_Rfid_Devs       0x0800aa15   Thumb Code   156  hal_view_data.o(i.VD_Refresh_Data_On_Slade_Rfid_Devs)
    VD_Refresh_Data_On_Slade_Vbat_Pbat       0x0800aab9   Thumb Code   238  hal_view_data.o(i.VD_Refresh_Data_On_Slade_Vbat_Pbat)
    __scatterload_copy                       0x0800abd5   Thumb Code    14  handlers.o(i.__scatterload_copy)
    __scatterload_null                       0x0800abe3   Thumb Code     2  handlers.o(i.__scatterload_null)
    __scatterload_zeroinit                   0x0800abe5   Thumb Code    14  handlers.o(i.__scatterload_zeroinit)
    ceil                                     0x0800abf5   Thumb Code   204  ceil.o(i.ceil)
    floor                                    0x0800acd1   Thumb Code   204  floor.o(i.floor)
    main                                     0x0800adad   Thumb Code    58  main.o(i.main)
    osKernelInitialize                       0x0800ade9   Thumb Code    50  cmsis_os2.o(i.osKernelInitialize)
    osKernelStart                            0x0800ae21   Thumb Code    58  cmsis_os2.o(i.osKernelStart)
    osThreadNew                              0x0800ae61   Thumb Code   214  cmsis_os2.o(i.osThreadNew)
    pvPortMalloc                             0x0800b705   Thumb Code   208  heap_4.o(i.pvPortMalloc)
    pxPortInitialiseStack                    0x0800b7d9   Thumb Code    24  port.o(i.pxPortInitialiseStack)
    uxListRemove                             0x0800b7f5   Thumb Code    38  list.o(i.uxListRemove)
    vApplicationGetIdleTaskMemory            0x0800b81d   Thumb Code    16  cmsis_os2.o(i.vApplicationGetIdleTaskMemory)
    vApplicationGetTimerTaskMemory           0x0800b831   Thumb Code    18  cmsis_os2.o(i.vApplicationGetTimerTaskMemory)
    vListInitialise                          0x0800b849   Thumb Code    22  list.o(i.vListInitialise)
    vListInitialiseItem                      0x0800b85f   Thumb Code     6  list.o(i.vListInitialiseItem)
    vListInsert                              0x0800b865   Thumb Code    48  list.o(i.vListInsert)
    vListInsertEnd                           0x0800b895   Thumb Code    24  list.o(i.vListInsertEnd)
    vPortEnterCritical                       0x0800b8ad   Thumb Code    54  port.o(i.vPortEnterCritical)
    vPortExitCritical                        0x0800b8ed   Thumb Code    38  port.o(i.vPortExitCritical)
    vPortFree                                0x0800b919   Thumb Code    88  heap_4.o(i.vPortFree)
    vPortSetupTimerInterrupt                 0x0800b975   Thumb Code    32  port.o(i.vPortSetupTimerInterrupt)
    vPortValidateInterruptPriority           0x0800b999   Thumb Code    74  port.o(i.vPortValidateInterruptPriority)
    vQueueAddToRegistry                      0x0800b9ed   Thumb Code    32  queue.o(i.vQueueAddToRegistry)
    vQueueWaitForMessageRestricted           0x0800ba11   Thumb Code    70  queue.o(i.vQueueWaitForMessageRestricted)
    vTaskInternalSetTimeOutState             0x0800ba59   Thumb Code    12  tasks.o(i.vTaskInternalSetTimeOutState)
    vTaskMissedYield                         0x0800ba69   Thumb Code     8  tasks.o(i.vTaskMissedYield)
    vTaskPlaceOnEventList                    0x0800ba75   Thumb Code    46  tasks.o(i.vTaskPlaceOnEventList)
    vTaskPlaceOnEventListRestricted          0x0800baa9   Thumb Code    54  tasks.o(i.vTaskPlaceOnEventListRestricted)
    vTaskStartScheduler                      0x0800bae5   Thumb Code   126  tasks.o(i.vTaskStartScheduler)
    vTaskSuspendAll                          0x0800bb75   Thumb Code    10  tasks.o(i.vTaskSuspendAll)
    vTaskSwitchContext                       0x0800bb85   Thumb Code    94  tasks.o(i.vTaskSwitchContext)
    xPortStartScheduler                      0x0800bbed   Thumb Code   154  port.o(i.xPortStartScheduler)
    xQueueGenericCreateStatic                0x0800bc95   Thumb Code   108  queue.o(i.xQueueGenericCreateStatic)
    xQueueGenericReset                       0x0800bd01   Thumb Code   134  queue.o(i.xQueueGenericReset)
    xQueueGenericSend                        0x0800bd8d   Thumb Code   352  queue.o(i.xQueueGenericSend)
    xQueueGenericSendFromISR                 0x0800bef1   Thumb Code   190  queue.o(i.xQueueGenericSendFromISR)
    xQueueReceive                            0x0800bfb1   Thumb Code   310  queue.o(i.xQueueReceive)
    xTaskCheckForTimeOut                     0x0800c0ed   Thumb Code   118  tasks.o(i.xTaskCheckForTimeOut)
    xTaskCreate                              0x0800c169   Thumb Code   100  tasks.o(i.xTaskCreate)
    xTaskCreateStatic                        0x0800c1cd   Thumb Code    92  tasks.o(i.xTaskCreateStatic)
    xTaskGetSchedulerState                   0x0800c229   Thumb Code    24  tasks.o(i.xTaskGetSchedulerState)
    xTaskGetTickCount                        0x0800c245   Thumb Code     6  tasks.o(i.xTaskGetTickCount)
    xTaskIncrementTick                       0x0800c251   Thumb Code   194  tasks.o(i.xTaskIncrementTick)
    xTaskPriorityDisinherit                  0x0800c31d   Thumb Code   116  tasks.o(i.xTaskPriorityDisinherit)
    xTaskRemoveFromEventList                 0x0800c399   Thumb Code   106  tasks.o(i.xTaskRemoveFromEventList)
    xTaskResumeAll                           0x0800c411   Thumb Code   184  tasks.o(i.xTaskResumeAll)
    xTimerCreateTimerTask                    0x0800c4d9   Thumb Code    86  timers.o(i.xTimerCreateTimerTask)
    xTimerGenericCommand                     0x0800c541   Thumb Code   104  timers.o(i.xTimerGenericCommand)
    defaultTask_attributes                   0x0800c5ac   Data          36  freertos.o(.constdata)
    Task01_attributes                        0x0800c5d0   Data          36  freertos.o(.constdata)
    Task02_attributes                        0x0800c5f4   Data          36  freertos.o(.constdata)
    LCD1602_init_4bit                        0x0800c618   Data           8  hal_i2c_1602.o(.constdata)
    LCD1602_setup_bytes                      0x0800c620   Data          16  hal_i2c_1602.o(.constdata)
    AHBPrescTable                            0x0800c630   Data          16  system_stm32f1xx.o(.constdata)
    APBPrescTable                            0x0800c640   Data           8  system_stm32f1xx.o(.constdata)
    Region$$Table$$Base                      0x0800c664   Number         0  anon$$obj.o(Region$$Table)
    Region$$Table$$Limit                     0x0800c684   Number         0  anon$$obj.o(Region$$Table)
    defaultTaskHandle                        0x20000004   Data           4  freertos.o(.data)
    Task01Handle                             0x20000008   Data           4  freertos.o(.data)
    Task02Handle                             0x2000000c   Data           4  freertos.o(.data)
    VD_Obj                                   0x20000024   Data           8  hal_view_data.o(.data)
    ASCII_Regs_Jump_BootLdr                  0x200000fc   Data           2  hal_mbus_ascii_slave.o(.data)
    ASCII_Regs_Restart_Cpu                   0x200000fe   Data           2  hal_mbus_ascii_slave.o(.data)
    ASCII_Regs_Status_Cpu                    0x20000100   Data           2  hal_mbus_ascii_slave.o(.data)
    ASCII_Map                                0x20000104   Data         700  hal_mbus_ascii_slave.o(.data)
    CFG_map_cells                            0x200003c0   Data          60  hal_config.o(.data)
    CFG_map                                  0x200003fc   Data          24  hal_config.o(.data)
    FS_Desc                                  0x20000414   Data          28  usbd_desc.o(.data)
    USBD_LangIDDesc                          0x20000430   Data           4  usbd_desc.o(.data)
    USBD_FS_DeviceDesc                       0x20000434   Data          18  usbd_desc.o(.data)
    USBD_StringSerial                        0x20000448   Data          26  usbd_desc.o(.data)
    USBD_Interface_fops_FS                   0x20000464   Data          16  usbd_cdc_if.o(.data)
    uwTickFreq                               0x20000474   Data           1  stm32f1xx_hal.o(.data)
    uwTickPrio                               0x20000478   Data           4  stm32f1xx_hal.o(.data)
    uwTick                                   0x2000047c   Data           4  stm32f1xx_hal.o(.data)
    SystemCoreClock                          0x20000480   Data           4  system_stm32f1xx.o(.data)
    pxCurrentTCB                             0x20000484   Data           4  tasks.o(.data)
    USBD_CDC_CfgHSDesc                       0x2000050c   Data          67  usbd_cdc.o(.data)
    USBD_CDC_CfgFSDesc                       0x20000550   Data          67  usbd_cdc.o(.data)
    USBD_CDC_OtherSpeedCfgDesc               0x20000594   Data          67  usbd_cdc.o(.data)
    USBD_CDC                                 0x200005d8   Data          56  usbd_cdc.o(.data)
    hadc1                                    0x20000610   Data          48  adc.o(.bss)
    hdma_adc1                                0x20000640   Data          68  adc.o(.bss)
    hi2c1                                    0x20000684   Data          84  i2c.o(.bss)
    hrtc                                     0x200006d8   Data          20  rtc.o(.bss)
    hspi1                                    0x200006ec   Data          88  spi.o(.bss)
    hspi2                                    0x20000744   Data          88  spi.o(.bss)
    htim2                                    0x2000079c   Data          72  tim.o(.bss)
    htim3                                    0x200007e4   Data          72  tim.o(.bss)
    htim1                                    0x2000082c   Data          72  stm32f1xx_hal_timebase_tim.o(.bss)
    ALG_obj                                  0x20000874   Data          72  hal_algorithm.o(.bss)
    LCD1602                                  0x200008bc   Data          76  hal_i2c_1602.o(.bss)
    NRF24_dev                                0x20000908   Data         232  hal_nrf24l01_drv.o(.bss)
    ADC_obj                                  0x200009f0   Data          72  hal_my_adc.o(.bss)
    RTC_obj                                  0x20000a38   Data          12  hal_my_rtc.o(.bss)
    ASCII_Port                               0x20000a44   Data         540  hal_mbus_ascii.o(.bss)
    BUZ_obj                                  0x20000c60   Data          32  hal_buzzer.o(.bss)
    BTN_Obj                                  0x20000c80   Data         108  hal_buttons.o(.bss)
    CDD_Obj                                  0x20000cec   Data          56  hal_control_devs.o(.bss)
    CFG_setup                                0x20000d24   Data          72  hal_config.o(.bss)
    hUsbDeviceFS                             0x20000d6c   Data         708  usb_device.o(.bss)
    USBD_StrDesc                             0x20001030   Data          64  usbd_desc.o(.bss)
    UserRxBufferFS                           0x20001070   Data         128  usbd_cdc_if.o(.bss)
    UserTxBufferFS                           0x200010f0   Data         128  usbd_cdc_if.o(.bss)
    hpcd_USB_FS                              0x20001390   Data         748  usbd_conf.o(.bss)
    pFlash                                   0x20001680   Data          32  stm32f1xx_hal_flash.o(.bss)
    xQueueRegistry                           0x200016a0   Data          64  queue.o(.bss)
    __initial_sp                             0x20003778   Data           0  startup_stm32f103xb.o(STACK)



==============================================================================

Memory Map of the image

  Image Entry point : 0x080000ed

  Load Region LR_IROM1 (Base: 0x08000000, Size: 0x0000cc94, Max: 0x0000fc00, ABSOLUTE, COMPRESSED[0x0000c894])

    Execution Region ER_IROM1 (Base: 0x08000000, Size: 0x0000c684, Max: 0x0000fc00, ABSOLUTE)

    Base Addr    Size         Type   Attr      Idx    E Section Name        Object

    0x08000000   0x000000ec   Data   RO            3    RESET               startup_stm32f103xb.o
    0x080000ec   0x00000000   Code   RO         9289  * .ARM.Collect$$$$00000000  mc_w.l(entry.o)
    0x080000ec   0x00000004   Code   RO         9371    .ARM.Collect$$$$00000001  mc_w.l(entry2.o)
    0x080000f0   0x00000004   Code   RO         9374    .ARM.Collect$$$$00000004  mc_w.l(entry5.o)
    0x080000f4   0x00000000   Code   RO         9376    .ARM.Collect$$$$00000008  mc_w.l(entry7b.o)
    0x080000f4   0x00000000   Code   RO         9378    .ARM.Collect$$$$0000000A  mc_w.l(entry8b.o)
    0x080000f4   0x00000008   Code   RO         9379    .ARM.Collect$$$$0000000B  mc_w.l(entry9a.o)
    0x080000fc   0x00000000   Code   RO         9381    .ARM.Collect$$$$0000000D  mc_w.l(entry10a.o)
    0x080000fc   0x00000000   Code   RO         9383    .ARM.Collect$$$$0000000F  mc_w.l(entry11a.o)
    0x080000fc   0x00000004   Code   RO         9372    .ARM.Collect$$$$00002712  mc_w.l(entry2.o)
    0x08000100   0x00000096   Code   RO         8791    .emb_text           port.o
    0x08000196   0x00000002   PAD
    0x08000198   0x00000024   Code   RO            4    .text               startup_stm32f103xb.o
    0x080001bc   0x00000062   Code   RO         9292    .text               mc_w.l(uldiv.o)
    0x0800021e   0x00000020   Code   RO         9294    .text               mc_w.l(llushr.o)
    0x0800023e   0x00000024   Code   RO         9296    .text               mc_w.l(memcpya.o)
    0x08000262   0x00000024   Code   RO         9300    .text               mc_w.l(memseta.o)
    0x08000286   0x000000b0   Code   RO         9304    .text               mf_w.l(fadd.o)
    0x08000336   0x00000064   Code   RO         9306    .text               mf_w.l(fmul.o)
    0x0800039a   0x0000007c   Code   RO         9308    .text               mf_w.l(fdiv.o)
    0x08000416   0x0000014e   Code   RO         9310    .text               mf_w.l(dadd.o)
    0x08000564   0x000000e4   Code   RO         9312    .text               mf_w.l(dmul.o)
    0x08000648   0x000000de   Code   RO         9314    .text               mf_w.l(ddiv.o)
    0x08000726   0x0000000a   Code   RO         9318    .text               mf_w.l(ffltui.o)
    0x08000730   0x0000001a   Code   RO         9322    .text               mf_w.l(dfltui.o)
    0x0800074a   0x00000018   Code   RO         9324    .text               mf_w.l(dfltul.o)
    0x08000762   0x00000028   Code   RO         9326    .text               mf_w.l(ffixui.o)
    0x0800078a   0x00000032   Code   RO         9328    .text               mf_w.l(dfixui.o)
    0x080007bc   0x00000030   Code   RO         9330    .text               mf_w.l(dfixul.o)
    0x080007ec   0x00000026   Code   RO         9332    .text               mf_w.l(f2d.o)
    0x08000812   0x00000002   PAD
    0x08000814   0x00000030   Code   RO         9334    .text               mf_w.l(cdcmple.o)
    0x08000844   0x00000030   Code   RO         9336    .text               mf_w.l(cdrcmple.o)
    0x08000874   0x00000038   Code   RO         9338    .text               mf_w.l(d2f.o)
    0x080008ac   0x00000014   Code   RO         9340    .text               mf_w.l(cfcmple.o)
    0x080008c0   0x00000014   Code   RO         9342    .text               mf_w.l(cfrcmple.o)
    0x080008d4   0x0000001e   Code   RO         9385    .text               mc_w.l(llshl.o)
    0x080008f2   0x00000024   Code   RO         9387    .text               mc_w.l(llsshr.o)
    0x08000916   0x00000000   Code   RO         9396    .text               mc_w.l(iusefp.o)
    0x08000916   0x0000006e   Code   RO         9397    .text               mf_w.l(fepilogue.o)
    0x08000984   0x000000ba   Code   RO         9399    .text               mf_w.l(depilogue.o)
    0x08000a3e   0x00000002   PAD
    0x08000a40   0x00000024   Code   RO         9401    .text               mc_w.l(init.o)
    0x08000a64   0x00000056   Code   RO         9413    .text               mc_w.l(__dczerorl2.o)
    0x08000aba   0x00000002   PAD
    0x08000abc   0x0000000c   Code   RO          947    i.ADC1_2_IRQHandler  stm32f1xx_it.o
    0x08000ac8   0x00000094   Code   RO         1850    i.ADC_Calc_Pbat     hal_my_adc.o
    0x08000b5c   0x0000008c   Code   RO         1851    i.ADC_Calc_Vbat     hal_my_adc.o
    0x08000be8   0x00000054   Code   RO         4824    i.ADC_ConversionStop_Disable  stm32f1xx_hal_adc.o
    0x08000c3c   0x0000004e   Code   RO         4825    i.ADC_DMAConvCplt   stm32f1xx_hal_adc.o
    0x08000c8a   0x0000001a   Code   RO         4826    i.ADC_DMAError      stm32f1xx_hal_adc.o
    0x08000ca4   0x0000000a   Code   RO         4827    i.ADC_DMAHalfConvCplt  stm32f1xx_hal_adc.o
    0x08000cae   0x00000002   PAD
    0x08000cb0   0x00000080   Code   RO         4828    i.ADC_Enable        stm32f1xx_hal_adc.o
    0x08000d30   0x00000090   Code   RO         1853    i.ADC_Handler       hal_my_adc.o
    0x08000dc0   0x00000028   Code   RO         1854    i.ADC_Handler_Tm    hal_my_adc.o
    0x08000de8   0x0000006c   Code   RO         1855    i.ADC_Init          hal_my_adc.o
    0x08000e54   0x00000028   Code   RO         1856    i.ADC_Reset_Params  hal_my_adc.o
    0x08000e7c   0x00000038   Code   RO         1857    i.ADC_Stop_DMA      hal_my_adc.o
    0x08000eb4   0x00000038   Code   RO         1132    i.ALG_Diagnostic_Sensors  hal_algorithm.o
    0x08000eec   0x00000012   Code   RO         1133    i.ALG_Handler       hal_algorithm.o
    0x08000efe   0x00000002   PAD
    0x08000f00   0x00000128   Code   RO         1134    i.ALG_Handler_Buttons  hal_algorithm.o
    0x08001028   0x000000b4   Code   RO         1135    i.ALG_Handler_Sensors  hal_algorithm.o
    0x080010dc   0x00000050   Code   RO         1136    i.ALG_Handler_Tm    hal_algorithm.o
    0x0800112c   0x00000038   Code   RO         1137    i.ALG_Init          hal_algorithm.o
    0x08001164   0x000000fc   Code   RO         1138    i.ALG_Keep_Track_Of_Time_Off_Valve  hal_algorithm.o
    0x08001260   0x0000007c   Code   RO         2385    i.ASCII_Analiz_Pack_Slave  hal_mbus_ascii_slave.o
    0x080012dc   0x00000004   Code   RO         2386    i.ASCII_Check_Map_Prm_Val  hal_mbus_ascii_slave.o
    0x080012e0   0x00000054   Code   RO         2387    i.ASCII_Echo_08     hal_mbus_ascii_slave.o
    0x08001334   0x00000018   Code   RO         2388    i.ASCII_Get_Stat_Allow_Port  hal_mbus_ascii_slave.o
    0x0800134c   0x00000040   Code   RO         2295    i.ASCII_Handler     hal_mbus_ascii.o
    0x0800138c   0x0000005c   Code   RO         2296    i.ASCII_Handler_Packets  hal_mbus_ascii.o
    0x080013e8   0x0000004c   Code   RO         2297    i.ASCII_Handler_Tm  hal_mbus_ascii.o
    0x08001434   0x00000014   Code   RO         2389    i.ASCII_Init        hal_mbus_ascii_slave.o
    0x08001448   0x00000060   Code   RO         2298    i.ASCII_Init_Port   hal_mbus_ascii.o
    0x080014a8   0x00000034   Code   RO         2299    i.ASCII_Port_Reset  hal_mbus_ascii.o
    0x080014dc   0x0000001c   Code   RO         2300    i.ASCII_Process_Receive  hal_mbus_ascii.o
    0x080014f8   0x000000d8   Code   RO         2301    i.ASCII_Process_Receive_USB  hal_mbus_ascii.o
    0x080015d0   0x0000005c   Code   RO         2390    i.ASCII_Read_Info_17  hal_mbus_ascii_slave.o
    0x0800162c   0x00000174   Code   RO         2391    i.ASCII_Read_Regs_03  hal_mbus_ascii_slave.o
    0x080017a0   0x00000024   Code   RO         2302    i.ASCII_Request_To_Receive  hal_mbus_ascii.o
    0x080017c4   0x0000005c   Code   RO         2392    i.ASCII_Set_Flags   hal_mbus_ascii_slave.o
    0x08001820   0x00000030   Code   RO         2394    i.ASCII_Set_Map_Prm_Kostil_Wr_Reg  hal_mbus_ascii_slave.o
    0x08001850   0x000000a4   Code   RO         2303    i.ASCII_Transmit_Answer  hal_mbus_ascii.o
    0x080018f4   0x00000128   Code   RO         2395    i.ASCII_Write_Reg_06  hal_mbus_ascii_slave.o
    0x08001a1c   0x00000208   Code   RO         2396    i.ASCII_Write_Regs_16  hal_mbus_ascii_slave.o
    0x08001c24   0x00000090   Code   RO         2570    i.BTN_Handler_Tm    hal_buttons.o
    0x08001cb4   0x000000f8   Code   RO         2571    i.BTN_Identify_State  hal_buttons.o
    0x08001dac   0x000000b0   Code   RO         2572    i.BTN_Init          hal_buttons.o
    0x08001e5c   0x00000030   Code   RO         2516    i.BUZ_Get_State_Pin_Control  hal_buzzer.o
    0x08001e8c   0x00000060   Code   RO         2518    i.BUZ_Handler_Tm    hal_buzzer.o
    0x08001eec   0x00000048   Code   RO         2519    i.BUZ_Init          hal_buzzer.o
    0x08001f34   0x0000003c   Code   RO         2520    i.BUZ_Set_State_Pin_Control  hal_buzzer.o
    0x08001f70   0x00000010   Code   RO          948    i.BusFault_Handler  stm32f1xx_it.o
    0x08001f80   0x0000001c   Code   RO         3060    i.CDC_Check_Transmit_End  usbd_cdc_if.o
    0x08001f9c   0x00000008   Code   RO         3061    i.CDC_Control_FS    usbd_cdc_if.o
    0x08001fa4   0x00000004   Code   RO         3062    i.CDC_DeInit_FS     usbd_cdc_if.o
    0x08001fa8   0x00000024   Code   RO         3063    i.CDC_Init_FS       usbd_cdc_if.o
    0x08001fcc   0x00000020   Code   RO         3064    i.CDC_Receive_FS    usbd_cdc_if.o
    0x08001fec   0x0000002c   Code   RO         3065    i.CDC_Transmit_FS   usbd_cdc_if.o
    0x08002018   0x00000002   Code   RO         2612    i.CDD_Handler       hal_control_devs.o
    0x0800201a   0x00000002   PAD
    0x0800201c   0x00000094   Code   RO         2613    i.CDD_Handler_Tm    hal_control_devs.o
    0x080020b0   0x00000088   Code   RO         2614    i.CDD_Init          hal_control_devs.o
    0x08002138   0x000000b8   Code   RO         2615    i.CDD_Set_State     hal_control_devs.o
    0x080021f0   0x00000034   Code   RO         2765    i.CFG_Calc_Adr_Prms  hal_config.o
    0x08002224   0x0000003c   Code   RO         2766    i.CFG_Calc_Real_Size  hal_config.o
    0x08002260   0x0000001c   Code   RO         2767    i.CFG_Calc_Size_Pack_Parameter  hal_config.o
    0x0800227c   0x00000020   Code   RO         2768    i.CFG_Handler       hal_config.o
    0x0800229c   0x0000002c   Code   RO         2769    i.CFG_Handler_Tm    hal_config.o
    0x080022c8   0x00000090   Code   RO         2770    i.CFG_Init          hal_config.o
    0x08002358   0x000002c0   Code   RO         2772    i.CFG_Read_While_Eeprom  hal_config.o
    0x08002618   0x000001b8   Code   RO         2775    i.CFG_Write_While_Eeprom  hal_config.o
    0x080027d0   0x0000001e   Code   RO         2159    i.Crc_8_Config_2    hal_my_crc.o
    0x080027ee   0x00000002   PAD
    0x080027f0   0x0000000c   Code   RO          949    i.DMA1_Channel1_IRQHandler  stm32f1xx_it.o
    0x080027fc   0x0000002c   Code   RO         4206    i.DMA_SetConfig     stm32f1xx_hal_dma.o
    0x08002828   0x00000002   Code   RO          950    i.DebugMon_Handler  stm32f1xx_it.o
    0x0800282a   0x00000006   Code   RO          951    i.EXTI1_IRQHandler  stm32f1xx_it.o
    0x08002830   0x00000002   Code   RO           13    i.Error_Handler     main.o
    0x08002832   0x00000002   PAD
    0x08002834   0x00000024   Code   RO         4646    i.FLASH_MassErase   stm32f1xx_hal_flash_ex.o
    0x08002858   0x00000024   Code   RO         4655    i.FLASH_PageErase   stm32f1xx_hal_flash_ex.o
    0x0800287c   0x0000001c   Code   RO         4543    i.FLASH_Program_HalfWord  stm32f1xx_hal_flash.o
    0x08002898   0x0000005c   Code   RO         4544    i.FLASH_SetErrorCode  stm32f1xx_hal_flash.o
    0x080028f4   0x00000054   Code   RO         4545    i.FLASH_WaitForLastOperation  stm32f1xx_hal_flash.o
    0x08002948   0x00000028   Code   RO         2863    i.Flash_Clear_Sector  hal_flash.o
    0x08002970   0x0000002c   Code   RO         2867    i.Flash_Read_Buf    hal_flash.o
    0x0800299c   0x0000003a   Code   RO         2870    i.Flash_Write_Buf   hal_flash.o
    0x080029d6   0x00000002   PAD
    0x080029d8   0x00000038   Code   RO         2969    i.Get_SerialNum     usbd_desc.o
    0x08002a10   0x000000f4   Code   RO         5004    i.HAL_ADCEx_Calibration_Start  stm32f1xx_hal_adc_ex.o
    0x08002b04   0x00000002   Code   RO         5006    i.HAL_ADCEx_InjectedConvCpltCallback  stm32f1xx_hal_adc_ex.o
    0x08002b06   0x00000002   PAD
    0x08002b08   0x00000108   Code   RO         4830    i.HAL_ADC_ConfigChannel  stm32f1xx_hal_adc.o
    0x08002c10   0x00000014   Code   RO         1858    i.HAL_ADC_ConvCpltCallback  hal_my_adc.o
    0x08002c24   0x00000002   Code   RO         4832    i.HAL_ADC_ConvHalfCpltCallback  stm32f1xx_hal_adc.o
    0x08002c26   0x00000002   Code   RO         4834    i.HAL_ADC_ErrorCallback  stm32f1xx_hal_adc.o
    0x08002c28   0x000000e6   Code   RO         4838    i.HAL_ADC_IRQHandler  stm32f1xx_hal_adc.o
    0x08002d0e   0x00000002   PAD
    0x08002d10   0x00000118   Code   RO         4839    i.HAL_ADC_Init      stm32f1xx_hal_adc.o
    0x08002e28   0x00000002   Code   RO         4840    i.HAL_ADC_LevelOutOfWindowCallback  stm32f1xx_hal_adc.o
    0x08002e2a   0x00000002   PAD
    0x08002e2c   0x0000009c   Code   RO          689    i.HAL_ADC_MspInit   adc.o
    0x08002ec8   0x00000120   Code   RO         4846    i.HAL_ADC_Start_DMA  stm32f1xx_hal_adc.o
    0x08002fe8   0x0000005a   Code   RO         4849    i.HAL_ADC_Stop_DMA  stm32f1xx_hal_adc.o
    0x08003042   0x00000046   Code   RO         4207    i.HAL_DMA_Abort     stm32f1xx_hal_dma.o
    0x08003088   0x00000098   Code   RO         4208    i.HAL_DMA_Abort_IT  stm32f1xx_hal_dma.o
    0x08003120   0x00000168   Code   RO         4212    i.HAL_DMA_IRQHandler  stm32f1xx_hal_dma.o
    0x08003288   0x00000064   Code   RO         4213    i.HAL_DMA_Init      stm32f1xx_hal_dma.o
    0x080032ec   0x00000074   Code   RO         4217    i.HAL_DMA_Start_IT  stm32f1xx_hal_dma.o
    0x08003360   0x00000024   Code   RO         3830    i.HAL_Delay         stm32f1xx_hal.o
    0x08003384   0x000000a8   Code   RO         4656    i.HAL_FLASHEx_Erase  stm32f1xx_hal_flash_ex.o
    0x0800342c   0x00000014   Code   RO         4549    i.HAL_FLASH_Lock    stm32f1xx_hal_flash.o
    0x08003440   0x0000008c   Code   RO         4554    i.HAL_FLASH_Program  stm32f1xx_hal_flash.o
    0x080034cc   0x00000028   Code   RO         4556    i.HAL_FLASH_Unlock  stm32f1xx_hal_flash.o
    0x080034f4   0x00000014   Code   RO         1802    i.HAL_GPIO_EXTI_Callback  hal_my_exti_callbacks.o
    0x08003508   0x00000018   Code   RO         4142    i.HAL_GPIO_EXTI_IRQHandler  stm32f1xx_hal_gpio.o
    0x08003520   0x000001f0   Code   RO         4143    i.HAL_GPIO_Init     stm32f1xx_hal_gpio.o
    0x08003710   0x0000000e   Code   RO         4145    i.HAL_GPIO_ReadPin  stm32f1xx_hal_gpio.o
    0x0800371e   0x00000010   Code   RO         4146    i.HAL_GPIO_TogglePin  stm32f1xx_hal_gpio.o
    0x0800372e   0x0000000e   Code   RO         4147    i.HAL_GPIO_WritePin  stm32f1xx_hal_gpio.o
    0x0800373c   0x0000000c   Code   RO         3834    i.HAL_GetTick       stm32f1xx_hal.o
    0x08003748   0x00000198   Code   RO         5111    i.HAL_I2C_Init      stm32f1xx_hal_i2c.o
    0x080038e0   0x00000178   Code   RO         5112    i.HAL_I2C_IsDeviceReady  stm32f1xx_hal_i2c.o
    0x08003a58   0x00000148   Code   RO         5124    i.HAL_I2C_Master_Transmit  stm32f1xx_hal_i2c.o
    0x08003ba0   0x0000005c   Code   RO          758    i.HAL_I2C_MspInit   i2c.o
    0x08003bfc   0x00000010   Code   RO         3840    i.HAL_IncTick       stm32f1xx_hal.o
    0x08003c0c   0x00000024   Code   RO         3841    i.HAL_Init          stm32f1xx_hal.o
    0x08003c30   0x00000074   Code   RO         1093    i.HAL_InitTick      stm32f1xx_hal_timebase_tim.o
    0x08003ca4   0x00000048   Code   RO         1069    i.HAL_MspInit       stm32f1xx_hal_msp.o
    0x08003cec   0x0000001a   Code   RO         4303    i.HAL_NVIC_EnableIRQ  stm32f1xx_hal_cortex.o
    0x08003d06   0x00000002   PAD
    0x08003d08   0x00000040   Code   RO         4309    i.HAL_NVIC_SetPriority  stm32f1xx_hal_cortex.o
    0x08003d48   0x00000024   Code   RO         4310    i.HAL_NVIC_SetPriorityGrouping  stm32f1xx_hal_cortex.o
    0x08003d6c   0x0000003c   Code   RO         3603    i.HAL_PCDEx_PMAConfig  stm32f1xx_hal_pcd_ex.o
    0x08003da8   0x00000002   Code   RO         3122    i.HAL_PCDEx_SetConnectionState  usbd_conf.o
    0x08003daa   0x00000012   Code   RO         3124    i.HAL_PCD_DataInStageCallback  usbd_conf.o
    0x08003dbc   0x00000014   Code   RO         3125    i.HAL_PCD_DataOutStageCallback  usbd_conf.o
    0x08003dd0   0x00000048   Code   RO         3379    i.HAL_PCD_EP_Close  stm32f1xx_hal_pcd.o
    0x08003e18   0x00000058   Code   RO         3380    i.HAL_PCD_EP_ClrStall  stm32f1xx_hal_pcd.o
    0x08003e70   0x000000f8   Code   RO         3381    i.HAL_PCD_EP_DB_Receive  stm32f1xx_hal_pcd.o
    0x08003f68   0x00000386   Code   RO         3382    i.HAL_PCD_EP_DB_Transmit  stm32f1xx_hal_pcd.o
    0x080042ee   0x00000012   Code   RO         3384    i.HAL_PCD_EP_GetRxCount  stm32f1xx_hal_pcd.o
    0x08004300   0x0000005c   Code   RO         3385    i.HAL_PCD_EP_Open   stm32f1xx_hal_pcd.o
    0x0800435c   0x00000036   Code   RO         3386    i.HAL_PCD_EP_Receive  stm32f1xx_hal_pcd.o
    0x08004392   0x0000006e   Code   RO         3387    i.HAL_PCD_EP_SetStall  stm32f1xx_hal_pcd.o
    0x08004400   0x0000003c   Code   RO         3388    i.HAL_PCD_EP_Transmit  stm32f1xx_hal_pcd.o
    0x0800443c   0x00000154   Code   RO         3390    i.HAL_PCD_IRQHandler  stm32f1xx_hal_pcd.o
    0x08004590   0x000000da   Code   RO         3393    i.HAL_PCD_Init      stm32f1xx_hal_pcd.o
    0x0800466a   0x00000002   PAD
    0x0800466c   0x0000004c   Code   RO         3130    i.HAL_PCD_MspInit   usbd_conf.o
    0x080046b8   0x00000026   Code   RO         3131    i.HAL_PCD_ResetCallback  usbd_conf.o
    0x080046de   0x00000008   Code   RO         3132    i.HAL_PCD_ResumeCallback  usbd_conf.o
    0x080046e6   0x00000008   Code   RO         3133    i.HAL_PCD_SOFCallback  usbd_conf.o
    0x080046ee   0x00000028   Code   RO         3399    i.HAL_PCD_SetAddress  stm32f1xx_hal_pcd.o
    0x08004716   0x0000000e   Code   RO         3134    i.HAL_PCD_SetupStageCallback  usbd_conf.o
    0x08004724   0x00000032   Code   RO         3401    i.HAL_PCD_Start     stm32f1xx_hal_pcd.o
    0x08004756   0x00000002   PAD
    0x08004758   0x00000024   Code   RO         3135    i.HAL_PCD_SuspendCallback  usbd_conf.o
    0x0800477c   0x0000000c   Code   RO         4425    i.HAL_PWR_EnableBkUpAccess  stm32f1xx_hal_pwr.o
    0x08004788   0x000000d0   Code   RO         4105    i.HAL_RCCEx_GetPeriphCLKFreq  stm32f1xx_hal_rcc_ex.o
    0x08004858   0x000000ec   Code   RO         4106    i.HAL_RCCEx_PeriphCLKConfig  stm32f1xx_hal_rcc_ex.o
    0x08004944   0x00000002   Code   RO         3997    i.HAL_RCC_CSSCallback  stm32f1xx_hal_rcc.o
    0x08004946   0x00000002   PAD
    0x08004948   0x00000154   Code   RO         3998    i.HAL_RCC_ClockConfig  stm32f1xx_hal_rcc.o
    0x08004a9c   0x0000000c   Code   RO         4001    i.HAL_RCC_EnableCSS  stm32f1xx_hal_rcc.o
    0x08004aa8   0x0000003c   Code   RO         4002    i.HAL_RCC_GetClockConfig  stm32f1xx_hal_rcc.o
    0x08004ae4   0x0000000c   Code   RO         4003    i.HAL_RCC_GetHCLKFreq  stm32f1xx_hal_rcc.o
    0x08004af0   0x00000020   Code   RO         4005    i.HAL_RCC_GetPCLK1Freq  stm32f1xx_hal_rcc.o
    0x08004b10   0x00000020   Code   RO         4006    i.HAL_RCC_GetPCLK2Freq  stm32f1xx_hal_rcc.o
    0x08004b30   0x00000074   Code   RO         4007    i.HAL_RCC_GetSysClockFreq  stm32f1xx_hal_rcc.o
    0x08004ba4   0x00000018   Code   RO         4009    i.HAL_RCC_NMI_IRQHandler  stm32f1xx_hal_rcc.o
    0x08004bbc   0x00000380   Code   RO         4010    i.HAL_RCC_OscConfig  stm32f1xx_hal_rcc.o
    0x08004f3c   0x00000010   Code   RO         5748    i.HAL_RTCEx_BKUPWrite  stm32f1xx_hal_rtc_ex.o
    0x08004f4c   0x000000ea   Code   RO         5579    i.HAL_RTC_GetTime   stm32f1xx_hal_rtc.o
    0x08005036   0x00000002   PAD
    0x08005038   0x000000b4   Code   RO         5580    i.HAL_RTC_Init      stm32f1xx_hal_rtc.o
    0x080050ec   0x00000034   Code   RO          807    i.HAL_RTC_MspInit   rtc.o
    0x08005120   0x000000b8   Code   RO         5587    i.HAL_RTC_SetTime   stm32f1xx_hal_rtc.o
    0x080051d8   0x0000003c   Code   RO         5588    i.HAL_RTC_WaitForSynchro  stm32f1xx_hal_rtc.o
    0x08005214   0x00000002   Code   RO         5856    i.HAL_SPI_ErrorCallback  stm32f1xx_hal_spi.o
    0x08005216   0x00000002   PAD
    0x08005218   0x000000f0   Code   RO         5859    i.HAL_SPI_IRQHandler  stm32f1xx_hal_spi.o
    0x08005308   0x000000b4   Code   RO         5860    i.HAL_SPI_Init      stm32f1xx_hal_spi.o
    0x080053bc   0x000000d0   Code   RO          852    i.HAL_SPI_MspInit   spi.o
    0x0800548c   0x00000002   Code   RO         5866    i.HAL_SPI_RxCpltCallback  stm32f1xx_hal_spi.o
    0x0800548e   0x00000002   Code   RO         5867    i.HAL_SPI_RxHalfCpltCallback  stm32f1xx_hal_spi.o
    0x08005490   0x000001e4   Code   RO         5869    i.HAL_SPI_TransmitReceive  stm32f1xx_hal_spi.o
    0x08005674   0x00000138   Code   RO         5870    i.HAL_SPI_TransmitReceive_DMA  stm32f1xx_hal_spi.o
    0x080057ac   0x000000a4   Code   RO         5871    i.HAL_SPI_TransmitReceive_IT  stm32f1xx_hal_spi.o
    0x08005850   0x00000002   Code   RO         5876    i.HAL_SPI_TxRxCpltCallback  stm32f1xx_hal_spi.o
    0x08005852   0x00000002   Code   RO         5877    i.HAL_SPI_TxRxHalfCpltCallback  stm32f1xx_hal_spi.o
    0x08005854   0x00000002   Code   RO         6888    i.HAL_TIMEx_BreakCallback  stm32f1xx_hal_tim_ex.o
    0x08005856   0x00000002   Code   RO         6889    i.HAL_TIMEx_CommutCallback  stm32f1xx_hal_tim_ex.o
    0x08005858   0x00000068   Code   RO         6907    i.HAL_TIMEx_MasterConfigSynchronization  stm32f1xx_hal_tim_ex.o
    0x080058c0   0x0000004a   Code   RO         6173    i.HAL_TIM_Base_Init  stm32f1xx_hal_tim.o
    0x0800590a   0x00000002   PAD
    0x0800590c   0x00000064   Code   RO          900    i.HAL_TIM_Base_MspInit  tim.o
    0x08005970   0x00000064   Code   RO         6178    i.HAL_TIM_Base_Start_IT  stm32f1xx_hal_tim.o
    0x080059d4   0x000000e2   Code   RO         6182    i.HAL_TIM_ConfigClockSource  stm32f1xx_hal_tim.o
    0x08005ab6   0x00000002   Code   RO         6207    i.HAL_TIM_IC_CaptureCallback  stm32f1xx_hal_tim.o
    0x08005ab8   0x0000016e   Code   RO         6221    i.HAL_TIM_IRQHandler  stm32f1xx_hal_tim.o
    0x08005c26   0x00000002   Code   RO         6224    i.HAL_TIM_OC_DelayElapsedCallback  stm32f1xx_hal_tim.o
    0x08005c28   0x00000002   Code   RO         6251    i.HAL_TIM_PWM_PulseFinishedCallback  stm32f1xx_hal_tim.o
    0x08005c2a   0x00000002   PAD
    0x08005c2c   0x00000014   Code   RO           14    i.HAL_TIM_PeriodElapsedCallback  main.o
    0x08005c40   0x00000002   Code   RO         6264    i.HAL_TIM_TriggerCallback  stm32f1xx_hal_tim.o
    0x08005c42   0x00000002   PAD
    0x08005c44   0x00000010   Code   RO          952    i.HardFault_Handler  stm32f1xx_it.o
    0x08005c54   0x0000002e   Code   RO         5154    i.I2C_IsAcknowledgeFailed  stm32f1xx_hal_i2c.o
    0x08005c82   0x00000002   PAD
    0x08005c84   0x000000b0   Code   RO         5158    i.I2C_MasterRequestWrite  stm32f1xx_hal_i2c.o
    0x08005d34   0x0000004e   Code   RO         5174    i.I2C_WaitOnBTFFlagUntilTimeout  stm32f1xx_hal_i2c.o
    0x08005d82   0x0000007a   Code   RO         5175    i.I2C_WaitOnFlagUntilTimeout  stm32f1xx_hal_i2c.o
    0x08005dfc   0x000000a8   Code   RO         5176    i.I2C_WaitOnMasterAddressFlagUntilTimeout  stm32f1xx_hal_i2c.o
    0x08005ea4   0x0000004e   Code   RO         5180    i.I2C_WaitOnTXEFlagUntilTimeout  stm32f1xx_hal_i2c.o
    0x08005ef2   0x0000003a   Code   RO         2970    i.IntToUnicode      usbd_desc.o
    0x08005f2c   0x0000000c   Code   RO         1211    i.LCD1602_Get_State_Led  hal_i2c_1602.o
    0x08005f38   0x0000002c   Code   RO         1212    i.LCD1602_Handler_Tm  hal_i2c_1602.o
    0x08005f64   0x00000074   Code   RO         1213    i.LCD1602_Init      hal_i2c_1602.o
    0x08005fd8   0x00000010   Code   RO         1214    i.LCD1602_Jump_Cursor  hal_i2c_1602.o
    0x08005fe8   0x00000016   Code   RO         1215    i.LCD1602_Jump_Cursor_And_Write_Data  hal_i2c_1602.o
    0x08005ffe   0x00000002   PAD
    0x08006000   0x00000010   Code   RO         1217    i.LCD1602_Led_On    hal_i2c_1602.o
    0x08006010   0x0000002c   Code   RO         1218    i.LCD1602_Scan_I2C  hal_i2c_1602.o
    0x0800603c   0x00000068   Code   RO         1219    i.LCD1602_Write_Cmd  hal_i2c_1602.o
    0x080060a4   0x0000008c   Code   RO         1220    i.LCD1602_Write_Data  hal_i2c_1602.o
    0x08006130   0x0000001e   Code   RO         2163    i.Lrc_8             hal_my_crc.o
    0x0800614e   0x0000003c   Code   RO         2164    i.Lrc_8_Ascii       hal_my_crc.o
    0x0800618a   0x00000002   PAD
    0x0800618c   0x00000064   Code   RO          690    i.MX_ADC1_Init      adc.o
    0x080061f0   0x0000002c   Code   RO          730    i.MX_DMA_Init       dma.o
    0x0800621c   0x0000009c   Code   RO          387    i.MX_FREERTOS_Init  freertos.o
    0x080062b8   0x00000100   Code   RO          253    i.MX_GPIO_Init      gpio.o
    0x080063b8   0x00000040   Code   RO          760    i.MX_I2C1_Init      i2c.o
    0x080063f8   0x0000002c   Code   RO          808    i.MX_RTC_Init       rtc.o
    0x08006424   0x00000048   Code   RO          853    i.MX_SPI1_Init      spi.o
    0x0800646c   0x00000048   Code   RO          854    i.MX_SPI2_Init      spi.o
    0x080064b4   0x00000064   Code   RO          901    i.MX_TIM2_Init      tim.o
    0x08006518   0x00000068   Code   RO          902    i.MX_TIM3_Init      tim.o
    0x08006580   0x00000054   Code   RO         2935    i.MX_USB_DEVICE_Init  usb_device.o
    0x080065d4   0x00000010   Code   RO          953    i.MemManage_Handler  stm32f1xx_it.o
    0x080065e4   0x0000003e   Code   RO         1936    i.MyLib_Convert_Buf_u08_In_String  hal_my_lib.o
    0x08006622   0x00000042   Code   RO         1937    i.MyLib_Convert_Char_In_Digit  hal_my_lib.o
    0x08006664   0x00000040   Code   RO         1938    i.MyLib_Convert_Digit_In_Char  hal_my_lib.o
    0x080066a4   0x0000003e   Code   RO         1939    i.MyLib_Convert_String_In_Buf_u08  hal_my_lib.o
    0x080066e2   0x00000002   PAD
    0x080066e4   0x0000006c   Code   RO         1940    i.MyLib_Convert_Val_In_Charge_Persent  hal_my_lib.o
    0x08006750   0x00000204   Code   RO         1941    i.MyLib_Dtoa        hal_my_lib.o
    0x08006954   0x000001e4   Code   RO         1942    i.MyLib_Dtoa_And_Wr_Nulls  hal_my_lib.o
    0x08006b38   0x0000003e   Code   RO         1944    i.MyLib_Get_Size_Type  hal_my_lib.o
    0x08006b76   0x00000002   PAD
    0x08006b78   0x000000a0   Code   RO         1949    i.MyLib_Round       hal_my_lib.o
    0x08006c18   0x00000018   Code   RO          954    i.NMI_Handler       stm32f1xx_it.o
    0x08006c30   0x000000a0   Code   RO         1139    i.NRF24_Callback_Process_BufRx  hal_algorithm.o
    0x08006cd0   0x00000020   Code   RO         1675    i.NRF24_Check_Connection_Spi  hal_nrf24l01_drv.o
    0x08006cf0   0x0000002c   Code   RO         1362    i.NRF24_Clear_Fifo_Rx  hal_nrf24l01_api.o
    0x08006d1c   0x0000002c   Code   RO         1363    i.NRF24_Clear_Fifo_Tx  hal_nrf24l01_api.o
    0x08006d48   0x0000003c   Code   RO         1364    i.NRF24_Clear_Flags_Reg_Status  hal_nrf24l01_api.o
    0x08006d84   0x00000024   Code   RO         1366    i.NRF24_Get_Fifo_Status  hal_nrf24l01_api.o
    0x08006da8   0x00000024   Code   RO         1368    i.NRF24_Get_Status  hal_nrf24l01_api.o
    0x08006dcc   0x00000034   Code   RO         1369    i.NRF24_Go_To_Standby_1  hal_nrf24l01_api.o
    0x08006e00   0x000000d4   Code   RO         1371    i.NRF24_Handle_Mode_Hight_Enerdgy_Rx  hal_nrf24l01_api.o
    0x08006ed4   0x00000174   Code   RO         1372    i.NRF24_Handle_Mode_Hight_Enerdgy_Tx  hal_nrf24l01_api.o
    0x08007048   0x00000002   Code   RO         1373    i.NRF24_Handle_Mode_Low_Enerdgy_Rx  hal_nrf24l01_api.o
    0x0800704a   0x00000002   Code   RO         1374    i.NRF24_Handle_Mode_Low_Enerdgy_Tx  hal_nrf24l01_api.o
    0x0800704c   0x00000002   Code   RO         1375    i.NRF24_Handle_Mode_Midle_Enerdgy_Rx  hal_nrf24l01_api.o
    0x0800704e   0x00000002   Code   RO         1376    i.NRF24_Handle_Mode_Midle_Enerdgy_Tx  hal_nrf24l01_api.o
    0x08007050   0x000000d4   Code   RO         1678    i.NRF24_Init        hal_nrf24l01_drv.o
    0x08007124   0x000001a4   Code   RO         1679    i.NRF24_Read_Current_Settings  hal_nrf24l01_drv.o
    0x080072c8   0x0000003c   Code   RO         1680    i.NRF24_Read_Data_In_Buf_And_Write_Reg  hal_nrf24l01_drv.o
    0x08007304   0x0000004c   Code   RO         1681    i.NRF24_Read_Data_In_Fifo_Rx  hal_nrf24l01_drv.o
    0x08007350   0x00000048   Code   RO         1682    i.NRF24_Read_Data_Reg  hal_nrf24l01_drv.o
    0x08007398   0x00000024   Code   RO         1683    i.NRF24_Read_Size_Rx_Pack  hal_nrf24l01_drv.o
    0x080073bc   0x000001e4   Code   RO         1684    i.NRF24_Set_Default_Settings  hal_nrf24l01_drv.o
    0x080075a0   0x00000020   Code   RO         1377    i.NRF24_Set_Pin_Mode_Active  hal_nrf24l01_api.o
    0x080075c0   0x00000014   Code   RO         1380    i.NRF24_Set_Setup_Mode_Rtx  hal_nrf24l01_api.o
    0x080075d4   0x0000004c   Code   RO         1381    i.NRF24_Set_Setup_Power  hal_nrf24l01_api.o
    0x08007620   0x000000c8   Code   RO         1685    i.NRF24_Spi_Tx_Rx   hal_nrf24l01_drv.o
    0x080076e8   0x0000002c   Code   RO         1383    i.NRF24_Stream_Handler  hal_nrf24l01_api.o
    0x08007714   0x00000028   Code   RO         1384    i.NRF24_Stream_Handler_Err  hal_nrf24l01_api.o
    0x0800773c   0x0000003c   Code   RO         1385    i.NRF24_Stream_Handler_Rx  hal_nrf24l01_api.o
    0x08007778   0x0000003c   Code   RO         1386    i.NRF24_Stream_Handler_Tx  hal_nrf24l01_api.o
    0x080077b4   0x00000234   Code   RO         1686    i.NRF24_Verification_Settings  hal_nrf24l01_drv.o
    0x080079e8   0x000000ca   Code   RO         1688    i.NRF24_Write_Current_Settings  hal_nrf24l01_drv.o
    0x08007ab2   0x00000002   PAD
    0x08007ab4   0x00000178   Code   RO         1689    i.NRF24_Write_Data_In_Buf  hal_nrf24l01_drv.o
    0x08007c2c   0x00000050   Code   RO         1690    i.NRF24_Write_Data_In_Fifo_Tx  hal_nrf24l01_drv.o
    0x08007c7c   0x00000038   Code   RO         1387    i.NRF24_Write_Data_In_Queue_Tx  hal_nrf24l01_api.o
    0x08007cb4   0x00000020   Code   RO         1388    i.NRF24_Write_Data_In_Queue_Tx_With_Confirm_Package  hal_nrf24l01_api.o
    0x08007cd4   0x00000020   Code   RO         1389    i.NRF24_Write_Data_In_Queue_Tx_Without_Confirm_Package  hal_nrf24l01_api.o
    0x08007cf4   0x00000030   Code   RO         1691    i.NRF24_Write_Data_Reg  hal_nrf24l01_drv.o
    0x08007d24   0x0000032a   Code   RO         3405    i.PCD_EP_ISR_Handler  stm32f1xx_hal_pcd.o
    0x0800804e   0x00000002   PAD
    0x08008050   0x00000024   Code   RO         4011    i.RCC_Delay         stm32f1xx_hal_rcc.o
    0x08008074   0x00000012   Code   RO         5589    i.RTC_Bcd2ToByte    stm32f1xx_hal_rtc.o
    0x08008086   0x00000016   Code   RO         5590    i.RTC_ByteToBcd2    stm32f1xx_hal_rtc.o
    0x0800809c   0x00000024   Code   RO         2084    i.RTC_Correct_Time  hal_my_rtc.o
    0x080080c0   0x000000ae   Code   RO         5591    i.RTC_DateUpdate    stm32f1xx_hal_rtc.o
    0x0800816e   0x00000034   Code   RO         5592    i.RTC_EnterInitMode  stm32f1xx_hal_rtc.o
    0x080081a2   0x00000034   Code   RO         5593    i.RTC_ExitInitMode  stm32f1xx_hal_rtc.o
    0x080081d6   0x00000012   Code   RO         2085    i.RTC_Handler       hal_my_rtc.o
    0x080081e8   0x00000010   Code   RO         2086    i.RTC_Init          hal_my_rtc.o
    0x080081f8   0x0000002e   Code   RO         5594    i.RTC_IsLeapYear    stm32f1xx_hal_rtc.o
    0x08008226   0x00000002   PAD
    0x08008228   0x00000030   Code   RO         2087    i.RTC_Keep_Track_Of_Time  hal_my_rtc.o
    0x08008258   0x0000000e   Code   RO         5595    i.RTC_ReadAlarmCounter  stm32f1xx_hal_rtc.o
    0x08008266   0x00000020   Code   RO         5596    i.RTC_ReadTimeCounter  stm32f1xx_hal_rtc.o
    0x08008286   0x00000002   PAD
    0x08008288   0x00000038   Code   RO         2088    i.RTC_Set_Smooth_Calibr  hal_my_rtc.o
    0x080082c0   0x00000040   Code   RO         2089    i.RTC_Set_Up_A_NewTime  hal_my_rtc.o
    0x08008300   0x00000066   Code   RO         5597    i.RTC_WeekDayNum    stm32f1xx_hal_rtc.o
    0x08008366   0x0000002e   Code   RO         5598    i.RTC_WriteAlarmCounter  stm32f1xx_hal_rtc.o
    0x08008394   0x0000002e   Code   RO         5599    i.RTC_WriteTimeCounter  stm32f1xx_hal_rtc.o
    0x080083c2   0x00000002   PAD
    0x080083c4   0x0000000c   Code   RO          955    i.SPI1_IRQHandler   stm32f1xx_it.o
    0x080083d0   0x0000000c   Code   RO          956    i.SPI2_IRQHandler   stm32f1xx_it.o
    0x080083dc   0x00000030   Code   RO         5878    i.SPI_2linesRxISR_16BIT  stm32f1xx_hal_spi.o
    0x0800840c   0x00000030   Code   RO         5879    i.SPI_2linesRxISR_8BIT  stm32f1xx_hal_spi.o
    0x0800843c   0x00000030   Code   RO         5880    i.SPI_2linesTxISR_16BIT  stm32f1xx_hal_spi.o
    0x0800846c   0x00000030   Code   RO         5881    i.SPI_2linesTxISR_8BIT  stm32f1xx_hal_spi.o
    0x0800849c   0x00000098   Code   RO         5884    i.SPI_CloseRxTx_ISR  stm32f1xx_hal_spi.o
    0x08008534   0x00000010   Code   RO         5887    i.SPI_DMAAbortOnError  stm32f1xx_hal_spi.o
    0x08008544   0x00000022   Code   RO         5888    i.SPI_DMAError      stm32f1xx_hal_spi.o
    0x08008566   0x0000000a   Code   RO         5889    i.SPI_DMAHalfReceiveCplt  stm32f1xx_hal_spi.o
    0x08008570   0x0000000a   Code   RO         5891    i.SPI_DMAHalfTransmitReceiveCplt  stm32f1xx_hal_spi.o
    0x0800857a   0x0000006c   Code   RO         5892    i.SPI_DMAReceiveCplt  stm32f1xx_hal_spi.o
    0x080085e6   0x0000005a   Code   RO         5895    i.SPI_DMATransmitReceiveCplt  stm32f1xx_hal_spi.o
    0x08008640   0x00000070   Code   RO         5897    i.SPI_EndRxTransaction  stm32f1xx_hal_spi.o
    0x080086b0   0x00000024   Code   RO         5898    i.SPI_EndRxTxTransaction  stm32f1xx_hal_spi.o
    0x080086d4   0x000000bc   Code   RO         5903    i.SPI_WaitFlagStateUntilTimeout  stm32f1xx_hal_spi.o
    0x08008790   0x00000054   Code   RO          389    i.StartDefaultTask  freertos.o
    0x080087e4   0x00000006   Code   RO          390    i.StartTask01       freertos.o
    0x080087ea   0x0000000a   Code   RO          391    i.StartTask02       freertos.o
    0x080087f4   0x0000002c   Code   RO         8792    i.SysTick_Handler   port.o
    0x08008820   0x0000008a   Code   RO           15    i.SystemClock_Config  main.o
    0x080088aa   0x00000002   Code   RO         7156    i.SystemInit        system_stm32f1xx.o
    0x080088ac   0x0000000c   Code   RO          957    i.TIM1_UP_IRQHandler  stm32f1xx_it.o
    0x080088b8   0x00000020   Code   RO          958    i.TIM2_IRQHandler   stm32f1xx_it.o
    0x080088d8   0x00000024   Code   RO          959    i.TIM3_IRQHandler   stm32f1xx_it.o
    0x080088fc   0x0000006c   Code   RO         6266    i.TIM_Base_SetConfig  stm32f1xx_hal_tim.o
    0x08008968   0x00000014   Code   RO         6277    i.TIM_ETR_SetConfig  stm32f1xx_hal_tim.o
    0x0800897c   0x00000010   Code   RO         6278    i.TIM_ITRx_SetConfig  stm32f1xx_hal_tim.o
    0x0800898c   0x00000022   Code   RO         6284    i.TIM_TI1_ConfigInputStage  stm32f1xx_hal_tim.o
    0x080089ae   0x00000024   Code   RO         6286    i.TIM_TI2_ConfigInputStage  stm32f1xx_hal_tim.o
    0x080089d2   0x00000048   Code   RO         9164    i.USBD_CDC_DataIn   usbd_cdc.o
    0x08008a1a   0x00000030   Code   RO         9165    i.USBD_CDC_DataOut  usbd_cdc.o
    0x08008a4a   0x00000044   Code   RO         9166    i.USBD_CDC_DeInit   usbd_cdc.o
    0x08008a8e   0x0000002a   Code   RO         9167    i.USBD_CDC_EP0_RxReady  usbd_cdc.o
    0x08008ab8   0x0000000c   Code   RO         9168    i.USBD_CDC_GetDeviceQualifierDescriptor  usbd_cdc.o
    0x08008ac4   0x0000000c   Code   RO         9169    i.USBD_CDC_GetFSCfgDesc  usbd_cdc.o
    0x08008ad0   0x0000000c   Code   RO         9170    i.USBD_CDC_GetHSCfgDesc  usbd_cdc.o
    0x08008adc   0x0000000c   Code   RO         9171    i.USBD_CDC_GetOtherSpeedCfgDesc  usbd_cdc.o
    0x08008ae8   0x000000ae   Code   RO         9172    i.USBD_CDC_Init     usbd_cdc.o
    0x08008b96   0x00000032   Code   RO         9173    i.USBD_CDC_ReceivePacket  usbd_cdc.o
    0x08008bc8   0x00000010   Code   RO         9174    i.USBD_CDC_RegisterInterface  usbd_cdc.o
    0x08008bd8   0x0000000c   Code   RO         9175    i.USBD_CDC_SetRxBuffer  usbd_cdc.o
    0x08008be4   0x00000010   Code   RO         9176    i.USBD_CDC_SetTxBuffer  usbd_cdc.o
    0x08008bf4   0x000000e4   Code   RO         9177    i.USBD_CDC_Setup    usbd_cdc.o
    0x08008cd8   0x00000034   Code   RO         9178    i.USBD_CDC_TransmitPacket  usbd_cdc.o
    0x08008d0c   0x0000000e   Code   RO         8871    i.USBD_ClrClassConfig  usbd_core.o
    0x08008d1a   0x00000026   Code   RO         9009    i.USBD_ClrFeature   usbd_ctlreq.o
    0x08008d40   0x00000010   Code   RO         9104    i.USBD_CtlContinueRx  usbd_ioreq.o
    0x08008d50   0x00000010   Code   RO         9105    i.USBD_CtlContinueSendData  usbd_ioreq.o
    0x08008d60   0x00000018   Code   RO         9010    i.USBD_CtlError     usbd_ctlreq.o
    0x08008d78   0x0000001e   Code   RO         9106    i.USBD_CtlPrepareRx  usbd_ioreq.o
    0x08008d96   0x00000016   Code   RO         9107    i.USBD_CtlReceiveStatus  usbd_ioreq.o
    0x08008dac   0x0000001a   Code   RO         9108    i.USBD_CtlSendData  usbd_ioreq.o
    0x08008dc6   0x00000016   Code   RO         9109    i.USBD_CtlSendStatus  usbd_ioreq.o
    0x08008ddc   0x00000030   Code   RO         2971    i.USBD_FS_ConfigStrDescriptor  usbd_desc.o
    0x08008e0c   0x0000000c   Code   RO         2972    i.USBD_FS_DeviceDescriptor  usbd_desc.o
    0x08008e18   0x00000034   Code   RO         2973    i.USBD_FS_InterfaceStrDescriptor  usbd_desc.o
    0x08008e4c   0x0000000c   Code   RO         2974    i.USBD_FS_LangIDStrDescriptor  usbd_desc.o
    0x08008e58   0x00000028   Code   RO         2975    i.USBD_FS_ManufacturerStrDescriptor  usbd_desc.o
    0x08008e80   0x00000040   Code   RO         2976    i.USBD_FS_ProductStrDescriptor  usbd_desc.o
    0x08008ec0   0x00000014   Code   RO         2977    i.USBD_FS_SerialStrDescriptor  usbd_desc.o
    0x08008ed4   0x0000003a   Code   RO         9011    i.USBD_GetConfig    usbd_ctlreq.o
    0x08008f0e   0x000001aa   Code   RO         9012    i.USBD_GetDescriptor  usbd_ctlreq.o
    0x080090b8   0x00000014   Code   RO         9013    i.USBD_GetLen       usbd_ctlreq.o
    0x080090cc   0x0000003c   Code   RO         9014    i.USBD_GetStatus    usbd_ctlreq.o
    0x08009108   0x0000003e   Code   RO         9015    i.USBD_GetString    usbd_ctlreq.o
    0x08009146   0x00000024   Code   RO         3136    i.USBD_Get_USB_Status  usbd_conf.o
    0x0800916a   0x0000002c   Code   RO         8873    i.USBD_Init         usbd_core.o
    0x08009196   0x00000012   Code   RO         3137    i.USBD_LL_ClearStallEP  usbd_conf.o
    0x080091a8   0x00000012   Code   RO         3138    i.USBD_LL_CloseEP   usbd_conf.o
    0x080091ba   0x000000d6   Code   RO         8874    i.USBD_LL_DataInStage  usbd_core.o
    0x08009290   0x00000086   Code   RO         8875    i.USBD_LL_DataOutStage  usbd_core.o
    0x08009316   0x00000008   Code   RO         3142    i.USBD_LL_GetRxDataSize  usbd_conf.o
    0x0800931e   0x00000002   PAD
    0x08009320   0x0000007c   Code   RO         3143    i.USBD_LL_Init      usbd_conf.o
    0x0800939c   0x00000020   Code   RO         3144    i.USBD_LL_IsStallEP  usbd_conf.o
    0x080093bc   0x00000018   Code   RO         3145    i.USBD_LL_OpenEP    usbd_conf.o
    0x080093d4   0x00000012   Code   RO         3146    i.USBD_LL_PrepareReceive  usbd_conf.o
    0x080093e6   0x00000052   Code   RO         8880    i.USBD_LL_Reset     usbd_core.o
    0x08009438   0x00000014   Code   RO         8881    i.USBD_LL_Resume    usbd_core.o
    0x0800944c   0x00000018   Code   RO         8882    i.USBD_LL_SOF       usbd_core.o
    0x08009464   0x00000006   Code   RO         8883    i.USBD_LL_SetSpeed  usbd_core.o
    0x0800946a   0x00000012   Code   RO         3147    i.USBD_LL_SetUSBAddress  usbd_conf.o
    0x0800947c   0x0000005a   Code   RO         8884    i.USBD_LL_SetupStage  usbd_core.o
    0x080094d6   0x00000012   Code   RO         3148    i.USBD_LL_StallEP   usbd_conf.o
    0x080094e8   0x00000012   Code   RO         3149    i.USBD_LL_Start     usbd_conf.o
    0x080094fa   0x00000010   Code   RO         8885    i.USBD_LL_Suspend   usbd_core.o
    0x0800950a   0x00000012   Code   RO         3151    i.USBD_LL_Transmit  usbd_conf.o
    0x0800951c   0x00000028   Code   RO         9016    i.USBD_ParseSetupRequest  usbd_ctlreq.o
    0x08009544   0x00000012   Code   RO         8886    i.USBD_RegisterClass  usbd_core.o
    0x08009556   0x00000004   Code   RO         8887    i.USBD_RunTestMode  usbd_core.o
    0x0800955a   0x00000058   Code   RO         9017    i.USBD_SetAddress   usbd_ctlreq.o
    0x080095b2   0x00000018   Code   RO         8888    i.USBD_SetClassConfig  usbd_core.o
    0x080095ca   0x00000002   PAD
    0x080095cc   0x000000cc   Code   RO         9018    i.USBD_SetConfig    usbd_ctlreq.o
    0x08009698   0x00000010   Code   RO         9019    i.USBD_SetFeature   usbd_ctlreq.o
    0x080096a8   0x0000000a   Code   RO         8889    i.USBD_Start        usbd_core.o
    0x080096b2   0x0000006a   Code   RO         9020    i.USBD_StdDevReq    usbd_ctlreq.o
    0x0800971c   0x000001e4   Code   RO         9021    i.USBD_StdEPReq     usbd_ctlreq.o
    0x08009900   0x0000006a   Code   RO         9022    i.USBD_StdItfReq    usbd_ctlreq.o
    0x0800996a   0x00000002   Code   RO         3152    i.USBD_static_free  usbd_conf.o
    0x0800996c   0x00000008   Code   RO         3153    i.USBD_static_malloc  usbd_conf.o
    0x08009974   0x000002ae   Code   RO         3643    i.USB_ActivateEndpoint  stm32f1xx_ll_usb.o
    0x08009c22   0x00000004   Code   RO         3646    i.USB_CoreInit      stm32f1xx_ll_usb.o
    0x08009c26   0x00000138   Code   RO         3648    i.USB_DeactivateEndpoint  stm32f1xx_ll_usb.o
    0x08009d5e   0x00000004   Code   RO         3649    i.USB_DevConnect    stm32f1xx_ll_usb.o
    0x08009d62   0x00000004   Code   RO         3650    i.USB_DevDisconnect  stm32f1xx_ll_usb.o
    0x08009d66   0x00000012   Code   RO         3651    i.USB_DevInit       stm32f1xx_ll_usb.o
    0x08009d78   0x0000000e   Code   RO         3652    i.USB_DisableGlobalInt  stm32f1xx_ll_usb.o
    0x08009d86   0x00000004   Code   RO         3653    i.USB_EP0_OutStart  stm32f1xx_ll_usb.o
    0x08009d8a   0x00000084   Code   RO         3654    i.USB_EPClearStall  stm32f1xx_ll_usb.o
    0x08009e0e   0x0000003c   Code   RO         3655    i.USB_EPSetStall    stm32f1xx_ll_usb.o
    0x08009e4a   0x00000742   Code   RO         3656    i.USB_EPStartXfer   stm32f1xx_ll_usb.o
    0x0800a58c   0x00000010   Code   RO         3657    i.USB_EnableGlobalInt  stm32f1xx_ll_usb.o
    0x0800a59c   0x0000000c   Code   RO          960    i.USB_HP_CAN1_TX_IRQHandler  stm32f1xx_it.o
    0x0800a5a8   0x0000000c   Code   RO          961    i.USB_LP_CAN1_RX0_IRQHandler  stm32f1xx_it.o
    0x0800a5b4   0x00000006   Code   RO         3664    i.USB_ReadInterrupts  stm32f1xx_ll_usb.o
    0x0800a5ba   0x0000002c   Code   RO         3665    i.USB_ReadPMA       stm32f1xx_ll_usb.o
    0x0800a5e6   0x00000004   Code   RO         3666    i.USB_SetCurrentMode  stm32f1xx_ll_usb.o
    0x0800a5ea   0x0000000e   Code   RO         3667    i.USB_SetDevAddress  stm32f1xx_ll_usb.o
    0x0800a5f8   0x00000028   Code   RO         3669    i.USB_WritePMA      stm32f1xx_ll_usb.o
    0x0800a620   0x00000010   Code   RO          962    i.UsageFault_Handler  stm32f1xx_it.o
    0x0800a630   0x00000044   Code   RO         1293    i.VD_Detected_Usb_Connected  hal_view_data.o
    0x0800a674   0x000001b0   Code   RO         1294    i.VD_Handler_View   hal_view_data.o
    0x0800a824   0x000000fc   Code   RO         1295    i.VD_Handler_View_Tm  hal_view_data.o
    0x0800a920   0x00000018   Code   RO         1296    i.VD_Init           hal_view_data.o
    0x0800a938   0x000000dc   Code   RO         1297    i.VD_Refresh_Data_On_NTime_VTime  hal_view_data.o
    0x0800aa14   0x000000a4   Code   RO         1298    i.VD_Refresh_Data_On_Slade_Rfid_Devs  hal_view_data.o
    0x0800aab8   0x000000fc   Code   RO         1299    i.VD_Refresh_Data_On_Slade_Vbat_Pbat  hal_view_data.o
    0x0800abb4   0x00000020   Code   RO         4316    i.__NVIC_SetPriority  stm32f1xx_hal_cortex.o
    0x0800abd4   0x0000000e   Code   RO         9407    i.__scatterload_copy  mc_w.l(handlers.o)
    0x0800abe2   0x00000002   Code   RO         9408    i.__scatterload_null  mc_w.l(handlers.o)
    0x0800abe4   0x0000000e   Code   RO         9409    i.__scatterload_zeroinit  mc_w.l(handlers.o)
    0x0800abf2   0x00000002   PAD
    0x0800abf4   0x000000dc   Code   RO         9268    i.ceil              m_ws.l(ceil.o)
    0x0800acd0   0x000000dc   Code   RO         9272    i.floor             m_ws.l(floor.o)
    0x0800adac   0x0000003a   Code   RO           16    i.main              main.o
    0x0800ade6   0x00000002   PAD
    0x0800ade8   0x00000038   Code   RO         8335    i.osKernelInitialize  cmsis_os2.o
    0x0800ae20   0x00000040   Code   RO         8338    i.osKernelStart     cmsis_os2.o
    0x0800ae60   0x000000dc   Code   RO         8372    i.osThreadNew       cmsis_os2.o
    0x0800af3c   0x00000060   Code   RO         7796    i.prvAddCurrentTaskToDelayedList  tasks.o
    0x0800af9c   0x00000088   Code   RO         7797    i.prvAddNewTaskToReadyList  tasks.o
    0x0800b024   0x00000058   Code   RO         8157    i.prvCheckForValidListAndQueue  timers.o
    0x0800b07c   0x0000003c   Code   RO         7798    i.prvCheckTasksWaitingTermination  tasks.o
    0x0800b0b8   0x00000028   Code   RO         7389    i.prvCopyDataFromQueue  queue.o
    0x0800b0e0   0x0000006e   Code   RO         7390    i.prvCopyDataToQueue  queue.o
    0x0800b14e   0x00000040   Code   RO         7799    i.prvDeleteTCB      tasks.o
    0x0800b18e   0x00000002   PAD
    0x0800b190   0x00000024   Code   RO         8158    i.prvGetNextExpireTime  timers.o
    0x0800b1b4   0x0000004c   Code   RO         8742    i.prvHeapInit       heap_4.o
    0x0800b200   0x00000028   Code   RO         7800    i.prvIdleTask       tasks.o
    0x0800b228   0x00000022   Code   RO         7393    i.prvInitialiseNewQueue  queue.o
    0x0800b24a   0x0000009a   Code   RO         7801    i.prvInitialiseNewTask  tasks.o
    0x0800b2e4   0x00000058   Code   RO         7802    i.prvInitialiseTaskLists  tasks.o
    0x0800b33c   0x00000054   Code   RO         8743    i.prvInsertBlockIntoFreeList  heap_4.o
    0x0800b390   0x00000040   Code   RO         8160    i.prvInsertTimerInActiveList  timers.o
    0x0800b3d0   0x0000001a   Code   RO         7394    i.prvIsQueueEmpty   queue.o
    0x0800b3ea   0x0000001e   Code   RO         7395    i.prvIsQueueFull    queue.o
    0x0800b408   0x0000005c   Code   RO         8161    i.prvProcessExpiredTimer  timers.o
    0x0800b464   0x000000cc   Code   RO         8162    i.prvProcessReceivedCommands  timers.o
    0x0800b530   0x0000006c   Code   RO         8163    i.prvProcessTimerOrBlockTask  timers.o
    0x0800b59c   0x00000024   Code   RO         7804    i.prvResetNextTaskUnblockTime  tasks.o
    0x0800b5c0   0x0000002c   Code   RO         8164    i.prvSampleTimeNow  timers.o
    0x0800b5ec   0x0000006c   Code   RO         8165    i.prvSwitchTimerLists  timers.o
    0x0800b658   0x0000002c   Code   RO         8793    i.prvTaskExitError  port.o
    0x0800b684   0x00000014   Code   RO         8166    i.prvTimerTask      timers.o
    0x0800b698   0x0000006a   Code   RO         7396    i.prvUnlockQueue    queue.o
    0x0800b702   0x00000002   PAD
    0x0800b704   0x000000d4   Code   RO         8744    i.pvPortMalloc      heap_4.o
    0x0800b7d8   0x0000001c   Code   RO         8794    i.pxPortInitialiseStack  port.o
    0x0800b7f4   0x00000026   Code   RO         7349    i.uxListRemove      list.o
    0x0800b81a   0x00000002   PAD
    0x0800b81c   0x00000014   Code   RO         8384    i.vApplicationGetIdleTaskMemory  cmsis_os2.o
    0x0800b830   0x00000018   Code   RO         8385    i.vApplicationGetTimerTaskMemory  cmsis_os2.o
    0x0800b848   0x00000016   Code   RO         7350    i.vListInitialise   list.o
    0x0800b85e   0x00000006   Code   RO         7351    i.vListInitialiseItem  list.o
    0x0800b864   0x00000030   Code   RO         7352    i.vListInsert       list.o
    0x0800b894   0x00000018   Code   RO         7353    i.vListInsertEnd    list.o
    0x0800b8ac   0x00000040   Code   RO         8796    i.vPortEnterCritical  port.o
    0x0800b8ec   0x0000002c   Code   RO         8797    i.vPortExitCritical  port.o
    0x0800b918   0x0000005c   Code   RO         8745    i.vPortFree         heap_4.o
    0x0800b974   0x00000024   Code   RO         8798    i.vPortSetupTimerInterrupt  port.o
    0x0800b998   0x00000054   Code   RO         8799    i.vPortValidateInterruptPriority  port.o
    0x0800b9ec   0x00000024   Code   RO         7402    i.vQueueAddToRegistry  queue.o
    0x0800ba10   0x00000046   Code   RO         7406    i.vQueueWaitForMessageRestricted  queue.o
    0x0800ba56   0x00000002   PAD
    0x0800ba58   0x00000010   Code   RO         7821    i.vTaskInternalSetTimeOutState  tasks.o
    0x0800ba68   0x0000000c   Code   RO         7822    i.vTaskMissedYield  tasks.o
    0x0800ba74   0x00000034   Code   RO         7824    i.vTaskPlaceOnEventList  tasks.o
    0x0800baa8   0x0000003c   Code   RO         7825    i.vTaskPlaceOnEventListRestricted  tasks.o
    0x0800bae4   0x00000090   Code   RO         7833    i.vTaskStartScheduler  tasks.o
    0x0800bb74   0x00000010   Code   RO         7835    i.vTaskSuspendAll   tasks.o
    0x0800bb84   0x00000068   Code   RO         7836    i.vTaskSwitchContext  tasks.o
    0x0800bbec   0x000000a8   Code   RO         8800    i.xPortStartScheduler  port.o
    0x0800bc94   0x0000006c   Code   RO         7412    i.xQueueGenericCreateStatic  queue.o
    0x0800bd00   0x0000008c   Code   RO         7413    i.xQueueGenericReset  queue.o
    0x0800bd8c   0x00000164   Code   RO         7414    i.xQueueGenericSend  queue.o
    0x0800bef0   0x000000be   Code   RO         7415    i.xQueueGenericSendFromISR  queue.o
    0x0800bfae   0x00000002   PAD
    0x0800bfb0   0x0000013c   Code   RO         7424    i.xQueueReceive     queue.o
    0x0800c0ec   0x0000007c   Code   RO         7837    i.xTaskCheckForTimeOut  tasks.o
    0x0800c168   0x00000064   Code   RO         7838    i.xTaskCreate       tasks.o
    0x0800c1cc   0x0000005c   Code   RO         7839    i.xTaskCreateStatic  tasks.o
    0x0800c228   0x0000001c   Code   RO         7843    i.xTaskGetSchedulerState  tasks.o
    0x0800c244   0x0000000c   Code   RO         7844    i.xTaskGetTickCount  tasks.o
    0x0800c250   0x000000cc   Code   RO         7846    i.xTaskIncrementTick  tasks.o
    0x0800c31c   0x0000007c   Code   RO         7849    i.xTaskPriorityDisinherit  tasks.o
    0x0800c398   0x00000078   Code   RO         7851    i.xTaskRemoveFromEventList  tasks.o
    0x0800c410   0x000000c8   Code   RO         7852    i.xTaskResumeAll    tasks.o
    0x0800c4d8   0x00000068   Code   RO         8173    i.xTimerCreateTimerTask  timers.o
    0x0800c540   0x0000006c   Code   RO         8174    i.xTimerGenericCommand  timers.o
    0x0800c5ac   0x0000006c   Data   RO          392    .constdata          freertos.o
    0x0800c618   0x00000018   Data   RO         1222    .constdata          hal_i2c_1602.o
    0x0800c630   0x00000010   Data   RO         7157    .constdata          system_stm32f1xx.o
    0x0800c640   0x00000008   Data   RO         7158    .constdata          system_stm32f1xx.o
    0x0800c648   0x0000001c   Data   RO          393    .conststring        freertos.o
    0x0800c664   0x00000020   Data   RO         9405    Region$$Table       anon$$obj.o


    Execution Region RW_IRAM1 (Base: 0x20000000, Size: 0x00003778, Max: 0x00005000, ABSOLUTE, COMPRESSED[0x00000210])

    Base Addr    Size         Type   Attr      Idx    E Section Name        Object

    0x20000000   0x00000010   Data   RW          394    .data               freertos.o
    0x20000010   0x00000009   Data   RW         1141    .data               hal_algorithm.o
    0x20000019   0x00000003   PAD
    0x2000001c   0x00000076   Data   RW         1300    .data               hal_view_data.o
    0x20000092   0x00000001   Data   RW         1693    .data               hal_nrf24l01_drv.o
    0x20000093   0x00000005   PAD
    0x20000098   0x00000020   Data   RW         1860    .data               hal_my_adc.o
    0x200000b8   0x00000030   Data   RW         1953    .data               hal_my_lib.o
    0x200000e8   0x00000007   Data   RW         2091    .data               hal_my_rtc.o
    0x200000ef   0x00000001   PAD
    0x200000f0   0x00000004   Data   RW         2305    .data               hal_mbus_ascii.o
    0x200000f4   0x000002cc   Data   RW         2398    .data               hal_mbus_ascii_slave.o
    0x200003c0   0x00000054   Data   RW         2777    .data               hal_config.o
    0x20000414   0x0000001c   Data   RW         2979    .data               usbd_desc.o
    0x20000430   0x00000032   Data   RW         2980    .data               usbd_desc.o
    0x20000462   0x00000002   PAD
    0x20000464   0x00000010   Data   RW         3067    .data               usbd_cdc_if.o
    0x20000474   0x0000000c   Data   RW         3848    .data               stm32f1xx_hal.o
    0x20000480   0x00000004   Data   RW         7159    .data               system_stm32f1xx.o
    0x20000484   0x0000003c   Data   RW         7855    .data               tasks.o
    0x200004c0   0x00000014   Data   RW         8182    .data               timers.o
    0x200004d4   0x00000004   Data   RW         8387    .data               cmsis_os2.o
    0x200004d8   0x00000018   Data   RW         8750    .data               heap_4.o
    0x200004f0   0x0000000c   Data   RW         8801    .data               port.o
    0x200004fc   0x00000001   Data   RW         9023    .data               usbd_ctlreq.o
    0x200004fd   0x00000003   PAD
    0x20000500   0x000000d7   Data   RW         9179    .data               usbd_cdc.o
    0x200005d7   0x00000001   PAD
    0x200005d8   0x00000038   Data   RW         9180    .data               usbd_cdc.o
    0x20000610   0x00000074   Zero   RW          691    .bss                adc.o
    0x20000684   0x00000054   Zero   RW          761    .bss                i2c.o
    0x200006d8   0x00000014   Zero   RW          809    .bss                rtc.o
    0x200006ec   0x000000b0   Zero   RW          855    .bss                spi.o
    0x2000079c   0x00000090   Zero   RW          903    .bss                tim.o
    0x2000082c   0x00000048   Zero   RW         1096    .bss                stm32f1xx_hal_timebase_tim.o
    0x20000874   0x00000048   Zero   RW         1140    .bss                hal_algorithm.o
    0x200008bc   0x0000004c   Zero   RW         1221    .bss                hal_i2c_1602.o
    0x20000908   0x000000e8   Zero   RW         1692    .bss                hal_nrf24l01_drv.o
    0x200009f0   0x00000048   Zero   RW         1859    .bss                hal_my_adc.o
    0x20000a38   0x0000000c   Zero   RW         2090    .bss                hal_my_rtc.o
    0x20000a44   0x0000021c   Zero   RW         2304    .bss                hal_mbus_ascii.o
    0x20000c60   0x00000020   Zero   RW         2521    .bss                hal_buzzer.o
    0x20000c80   0x0000006c   Zero   RW         2573    .bss                hal_buttons.o
    0x20000cec   0x00000038   Zero   RW         2616    .bss                hal_control_devs.o
    0x20000d24   0x00000048   Zero   RW         2776    .bss                hal_config.o
    0x20000d6c   0x000002c4   Zero   RW         2936    .bss                usb_device.o
    0x20001030   0x00000040   Zero   RW         2978    .bss                usbd_desc.o
    0x20001070   0x00000100   Zero   RW         3066    .bss                usbd_cdc_if.o
    0x20001170   0x0000050c   Zero   RW         3154    .bss                usbd_conf.o
    0x2000167c   0x00000004   PAD
    0x20001680   0x00000020   Zero   RW         4557    .bss                stm32f1xx_hal_flash.o
    0x200016a0   0x00000040   Zero   RW         7428    .bss                queue.o
    0x200016e0   0x000004c4   Zero   RW         7854    .bss                tasks.o
    0x20001ba4   0x00000118   Zero   RW         8181    .bss                timers.o
    0x20001cbc   0x000006b8   Zero   RW         8386    .bss                cmsis_os2.o
    0x20002374   0x00000c00   Zero   RW         8749    .bss                heap_4.o
    0x20002f74   0x00000004   PAD
    0x20002f78   0x00000800   Zero   RW            1    STACK               startup_stm32f103xb.o


==============================================================================

Image component sizes


      Code (inc. data)   RO Data    RW Data    ZI Data      Debug   Object Name

       256         30          0          0        116       1847   adc.o
       384         28          0          4       1720      13808   cmsis_os2.o
         0          0          0          0          0       7160   croutine.o
        44          4          0          0          0        802   dma.o
         0          0          0          0          0      20304   event_groups.o
       256         60        136         16          0     371827   freertos.o
       256         18          0          0          0     477571   gpio.o
      1098        102          0          9         72       7255   hal_algorithm.o
       568         22          0          0        108       4063   hal_buttons.o
       276         44          0          0         32       3342   hal_buzzer.o
      1504         72          0         84         72      10465   hal_config.o
       470         34          0          0         56     344100   hal_control_devs.o
       142          0          0          0          0       2480   hal_flash.o
       514         44         24          0         76       6088   hal_i2c_1602.o
       824         52          0          4        540       8660   hal_mbus_ascii.o
      1676         76          0        716          0      13934   hal_mbus_ascii_slave.o
       696         92          0         32         72       7022   hal_my_adc.o
       120          0          0          0          0       2503   hal_my_crc.o
        20          6          0          0          0        549   hal_my_exti_callbacks.o
      1584         86          0         48          0      10368   hal_my_lib.o
       238         38          0          7         12       4574   hal_my_rtc.o
         0          0          0          0          0       1775   hal_my_usb.o
      1316         94          0          0          0     384319   hal_nrf24l01_api.o
      2862        102          0          1        232      21903   hal_nrf24l01_drv.o
      1412        222          0        118          0       5805   hal_view_data.o
       464         22          0         24       3072       4947   heap_4.o
       156         26          0          0         84       1878   i2c.o
       138          0          0          0          0       3566   list.o
       218          6          0          0          0     434184   main.o
       662         70          0         12          0      11109   port.o
      1562         20          0          0         64      17572   queue.o
        96         20          0          0         20       5063   rtc.o
       352         40          0          0        176       2450   spi.o
        36          8        236          0       2048        828   startup_stm32f103xb.o
       100         18          0         12          0       5414   stm32f1xx_hal.o
      1484         52          0          0          0      10394   stm32f1xx_hal_adc.o
       246          6          0          0          0       2135   stm32f1xx_hal_adc_ex.o
       158         14          0          0          0      28390   stm32f1xx_hal_cortex.o
       842         38          0          0          0       5226   stm32f1xx_hal_dma.o
       404         46          0          0         32       4498   stm32f1xx_hal_flash.o
       240         28          0          0          0       2691   stm32f1xx_hal_flash_ex.o
       564         38          0          0          0       4819   stm32f1xx_hal_gpio.o
      1780         38          0          0          0       9909   stm32f1xx_hal_i2c.o
        72         10          0          0          0        946   stm32f1xx_hal_msp.o
      3102          0          0          0          0      15333   stm32f1xx_hal_pcd.o
        60          0          0          0          0       1238   stm32f1xx_hal_pcd_ex.o
        12          4          0          0          0        539   stm32f1xx_hal_pwr.o
      1562        122          0          0          0       9112   stm32f1xx_hal_rcc.o
       444         44          0          0          0       2745   stm32f1xx_hal_rcc_ex.o
      1262          8          0          0          0      11996   stm32f1xx_hal_rtc.o
        16          4          0          0          0       1082   stm32f1xx_hal_rtc_ex.o
      2338         50          0          0          0      18413   stm32f1xx_hal_spi.o
       988         28          0          0          0       9735   stm32f1xx_hal_tim.o
       108         14          0          0          0       2525   stm32f1xx_hal_tim_ex.o
       116         18          0          0         72       1523   stm32f1xx_hal_timebase_tim.o
       248         70          0          0          0       7573   stm32f1xx_it.o
      3220          0          0          0          0      20375   stm32f1xx_ll_usb.o
         0          0          0          0          0       8928   stream_buffer.o
         2          0         24          4          0       1191   system_stm32f1xx.o
      2082        178          0         60       1220      24149   tasks.o
       304         22          0          0        144       2495   tim.o
       976         86          0         20        280      27383   timers.o
        84         18          0          0        708        844   usb_device.o
       826         16          0        271          0      13670   usbd_cdc.o
       152         24          0         16        256       4174   usbd_cdc_if.o
       580         28          0          0       1292      14941   usbd_conf.o
       700          0          0          0          0      10331   usbd_core.o
      1732         30          0          1          0      11568   usbd_ctlreq.o
       362        116          0         78         64       6897   usbd_desc.o
       132          0          0          0          0       4512   usbd_ioreq.o

    ----------------------------------------------------------------------
     47572       2606        452       1552      12648    2521815   Object Totals
         0          0         32          0          0          0   (incl. Generated)
        74          0          0         15          8          0   (incl. Padding)

    ----------------------------------------------------------------------

      Code (inc. data)   RO Data    RW Data    ZI Data      Debug   Library Member Name

       220         16          0          0          0         84   ceil.o
       220         16          0          0          0         84   floor.o
        86          0          0          0          0          0   __dczerorl2.o
         0          0          0          0          0          0   entry.o
         0          0          0          0          0          0   entry10a.o
         0          0          0          0          0          0   entry11a.o
         8          4          0          0          0          0   entry2.o
         4          0          0          0          0          0   entry5.o
         0          0          0          0          0          0   entry7b.o
         0          0          0          0          0          0   entry8b.o
         8          4          0          0          0          0   entry9a.o
        30          0          0          0          0          0   handlers.o
        36          8          0          0          0         68   init.o
         0          0          0          0          0          0   iusefp.o
        30          0          0          0          0         68   llshl.o
        36          0          0          0          0         68   llsshr.o
        32          0          0          0          0         68   llushr.o
        36          0          0          0          0         68   memcpya.o
        36          0          0          0          0        108   memseta.o
        98          0          0          0          0         92   uldiv.o
        48          0          0          0          0         68   cdcmple.o
        48          0          0          0          0         68   cdrcmple.o
        20          0          0          0          0         68   cfcmple.o
        20          0          0          0          0         68   cfrcmple.o
        56          0          0          0          0         88   d2f.o
       334          0          0          0          0        148   dadd.o
       222          0          0          0          0        100   ddiv.o
       186          0          0          0          0        176   depilogue.o
        50          0          0          0          0         76   dfixui.o
        48          0          0          0          0         68   dfixul.o
        26          0          0          0          0         76   dfltui.o
        24          0          0          0          0         76   dfltul.o
       228          0          0          0          0         96   dmul.o
        38          0          0          0          0         68   f2d.o
       176          0          0          0          0        140   fadd.o
       124          0          0          0          0         88   fdiv.o
       110          0          0          0          0        168   fepilogue.o
        40          0          0          0          0         68   ffixui.o
        10          0          0          0          0         68   ffltui.o
       100          0          0          0          0         76   fmul.o

    ----------------------------------------------------------------------
      2796         48          0          0          0       2560   Library Totals
         8          0          0          0          0          0   (incl. Padding)

    ----------------------------------------------------------------------

      Code (inc. data)   RO Data    RW Data    ZI Data      Debug   Library Name

       440         32          0          0          0        168   m_ws.l
       440         16          0          0          0        540   mc_w.l
      1908          0          0          0          0       1852   mf_w.l

    ----------------------------------------------------------------------
      2796         48          0          0          0       2560   Library Totals

    ----------------------------------------------------------------------

==============================================================================


      Code (inc. data)   RO Data    RW Data    ZI Data      Debug   

     50368       2654        452       1552      12648    2498399   Grand Totals
     50368       2654        452        528      12648    2498399   ELF Image Totals (compressed)
     50368       2654        452        528          0          0   ROM Totals

==============================================================================

    Total RO  Size (Code + RO Data)                50820 (  49.63kB)
    Total RW  Size (RW Data + ZI Data)             14200 (  13.87kB)
    Total ROM Size (Code + RO Data + RW Data)      51348 (  50.14kB)

==============================================================================

